Archive member included to satisfy reference by file (symbol)

/opt/homebrew/Cellar/arm-none-eabi-gcc/10.3-2021.07/gcc/bin/../lib/gcc/arm-none-eabi/10.3.1/thumb/v6-m/nofp/libgcc.a(_dvmd_tls.o)
                              CMakeFiles/MappingDemo.dir/Users/muhdismaelosman/pico/pico-sdk/src/rp2_common/pico_divider/divider.S.obj (__aeabi_idiv0)
/opt/homebrew/Cellar/arm-none-eabi-gcc/10.3-2021.07/gcc/bin/../lib/gcc/arm-none-eabi/10.3.1/../../../../arm-none-eabi/lib/thumb/v6-m/nofp/libg.a(lib_a-atoi.o)
                              CMakeFiles/MappingDemo.dir/AdjacencyMatrixMap.c.obj (atoi)
/opt/homebrew/Cellar/arm-none-eabi-gcc/10.3-2021.07/gcc/bin/../lib/gcc/arm-none-eabi/10.3.1/../../../../arm-none-eabi/lib/thumb/v6-m/nofp/libg.a(lib_a-calloc.o)
                              CMakeFiles/MappingDemo.dir/Users/muhdismaelosman/pico/pico-sdk/src/rp2_common/pico_malloc/pico_malloc.c.obj (calloc)
/opt/homebrew/Cellar/arm-none-eabi-gcc/10.3-2021.07/gcc/bin/../lib/gcc/arm-none-eabi/10.3.1/../../../../arm-none-eabi/lib/thumb/v6-m/nofp/libg.a(lib_a-callocr.o)
                              /opt/homebrew/Cellar/arm-none-eabi-gcc/10.3-2021.07/gcc/bin/../lib/gcc/arm-none-eabi/10.3.1/../../../../arm-none-eabi/lib/thumb/v6-m/nofp/libg.a(lib_a-calloc.o) (_calloc_r)
/opt/homebrew/Cellar/arm-none-eabi-gcc/10.3-2021.07/gcc/bin/../lib/gcc/arm-none-eabi/10.3.1/../../../../arm-none-eabi/lib/thumb/v6-m/nofp/libg.a(lib_a-ctype_.o)
                              CMakeFiles/MappingDemo.dir/Users/muhdismaelosman/pico/pico-sdk/lib/tinyusb/src/tusb.c.obj (_ctype_)
/opt/homebrew/Cellar/arm-none-eabi-gcc/10.3-2021.07/gcc/bin/../lib/gcc/arm-none-eabi/10.3.1/../../../../arm-none-eabi/lib/thumb/v6-m/nofp/libg.a(lib_a-errno.o)
                              /opt/homebrew/Cellar/arm-none-eabi-gcc/10.3-2021.07/gcc/bin/../lib/gcc/arm-none-eabi/10.3.1/../../../../arm-none-eabi/lib/thumb/v6-m/nofp/libg.a(lib_a-callocr.o) (__errno)
/opt/homebrew/Cellar/arm-none-eabi-gcc/10.3-2021.07/gcc/bin/../lib/gcc/arm-none-eabi/10.3.1/../../../../arm-none-eabi/lib/thumb/v6-m/nofp/libg.a(lib_a-gets.o)
                              CMakeFiles/MappingDemo.dir/AdjacencyMatrixMap.c.obj (gets)
/opt/homebrew/Cellar/arm-none-eabi-gcc/10.3-2021.07/gcc/bin/../lib/gcc/arm-none-eabi/10.3.1/../../../../arm-none-eabi/lib/thumb/v6-m/nofp/libg.a(lib_a-impure.o)
                              /opt/homebrew/Cellar/arm-none-eabi-gcc/10.3-2021.07/gcc/bin/../lib/gcc/arm-none-eabi/10.3.1/../../../../arm-none-eabi/lib/thumb/v6-m/nofp/libg.a(lib_a-calloc.o) (_impure_ptr)
/opt/homebrew/Cellar/arm-none-eabi-gcc/10.3-2021.07/gcc/bin/../lib/gcc/arm-none-eabi/10.3.1/../../../../arm-none-eabi/lib/thumb/v6-m/nofp/libg.a(lib_a-init.o)
                              /opt/homebrew/Cellar/arm-none-eabi-gcc/10.3-2021.07/gcc/bin/../lib/gcc/arm-none-eabi/10.3.1/../../../../arm-none-eabi/lib/thumb/v6-m/nofp/crt0.o (__libc_init_array)
/opt/homebrew/Cellar/arm-none-eabi-gcc/10.3-2021.07/gcc/bin/../lib/gcc/arm-none-eabi/10.3.1/../../../../arm-none-eabi/lib/thumb/v6-m/nofp/libg.a(lib_a-lock.o)
                              /opt/homebrew/Cellar/arm-none-eabi-gcc/10.3-2021.07/gcc/bin/../lib/gcc/arm-none-eabi/10.3.1/../../../../arm-none-eabi/lib/thumb/v6-m/nofp/libg.a(lib_a-gets.o) (__retarget_lock_acquire_recursive)
/opt/homebrew/Cellar/arm-none-eabi-gcc/10.3-2021.07/gcc/bin/../lib/gcc/arm-none-eabi/10.3.1/../../../../arm-none-eabi/lib/thumb/v6-m/nofp/libg.a(lib_a-malloc.o)
                              CMakeFiles/MappingDemo.dir/Users/muhdismaelosman/pico/pico-sdk/src/rp2_common/pico_malloc/pico_malloc.c.obj (malloc)
/opt/homebrew/Cellar/arm-none-eabi-gcc/10.3-2021.07/gcc/bin/../lib/gcc/arm-none-eabi/10.3.1/../../../../arm-none-eabi/lib/thumb/v6-m/nofp/libg.a(lib_a-mallocr.o)
                              /opt/homebrew/Cellar/arm-none-eabi-gcc/10.3-2021.07/gcc/bin/../lib/gcc/arm-none-eabi/10.3.1/../../../../arm-none-eabi/lib/thumb/v6-m/nofp/libg.a(lib_a-callocr.o) (_malloc_r)
/opt/homebrew/Cellar/arm-none-eabi-gcc/10.3-2021.07/gcc/bin/../lib/gcc/arm-none-eabi/10.3.1/../../../../arm-none-eabi/lib/thumb/v6-m/nofp/libg.a(lib_a-mlock.o)
                              /opt/homebrew/Cellar/arm-none-eabi-gcc/10.3-2021.07/gcc/bin/../lib/gcc/arm-none-eabi/10.3.1/../../../../arm-none-eabi/lib/thumb/v6-m/nofp/libg.a(lib_a-mallocr.o) (__malloc_lock)
/opt/homebrew/Cellar/arm-none-eabi-gcc/10.3-2021.07/gcc/bin/../lib/gcc/arm-none-eabi/10.3.1/../../../../arm-none-eabi/lib/thumb/v6-m/nofp/libg.a(lib_a-realloc.o)
                              CMakeFiles/MappingDemo.dir/Users/muhdismaelosman/pico/pico-sdk/src/rp2_common/pico_malloc/pico_malloc.c.obj (realloc)
/opt/homebrew/Cellar/arm-none-eabi-gcc/10.3-2021.07/gcc/bin/../lib/gcc/arm-none-eabi/10.3.1/../../../../arm-none-eabi/lib/thumb/v6-m/nofp/libg.a(lib_a-reallocr.o)
                              /opt/homebrew/Cellar/arm-none-eabi-gcc/10.3-2021.07/gcc/bin/../lib/gcc/arm-none-eabi/10.3.1/../../../../arm-none-eabi/lib/thumb/v6-m/nofp/libg.a(lib_a-realloc.o) (_realloc_r)
[...]
Memory Configuration

Name             Origin             Length             Attributes
FLASH            0x0000000010000000 0x0000000000200000 xr
RAM              0x0000000020000000 0x0000000000040000 xrw
SCRATCH_X        0x0000000020040000 0x0000000000001000 xrw
SCRATCH_Y        0x0000000020041000 0x0000000000001000 xrw
*default*        0x0000000000000000 0xffffffffffffffff

Linker script and memory map

LOAD /opt/homebrew/Cellar/arm-none-eabi-gcc/10.3-2021.07/gcc/bin/../lib/gcc/arm-none-eabi/10.3.1/thumb/v6-m/nofp/crti.o
LOAD /opt/homebrew/Cellar/arm-none-eabi-gcc/10.3-2021.07/gcc/bin/../lib/gcc/arm-none-eabi/10.3.1/thumb/v6-m/nofp/crtbegin.o
LOAD /opt/homebrew/Cellar/arm-none-eabi-gcc/10.3-2021.07/gcc/bin/../lib/gcc/arm-none-eabi/10.3.1/../../../../arm-none-eabi/lib/thumb/v6-m/nofp/crt0.o

.flash_begin    0x0000000010000000        0x0
                0x0000000010000000                __flash_binary_start = .

.boot2          0x0000000010000000      0x100
                0x0000000010000000                __boot2_start__ = .
 *(.boot2)
 .boot2         0x0000000010000000      0x100 /var/folders/lm/gd54146d7llf31ksp9lxpmz40000gn/T//ccy5N8Kx.o
                0x0000000010000100                __boot2_end__ = .
                0x0000000000000001                ASSERT (((__boot2_end__ - __boot2_start__) == 0x100), ERROR: Pico second stage bootloader must be 256 bytes in size)

.text           0x0000000010000100     0xc078
                0x0000000010000100                __logical_binary_start = .
 *(.vectors)
 .vectors       0x0000000010000100       0xd4 CMakeFiles/MappingDemo.dir/Users/muhdismaelosman/pico/pico-sdk/src/rp2_common/pico_standard_link/crt0.S.obj
                0x0000000010000100                __VECTOR_TABLE
                0x0000000010000100                __vectors
                0x00000000100001c0                __default_isrs_start
                0x00000000100001c0                isr_invalid
                0x00000000100001c2                isr_nmi
                0x00000000100001c4                isr_hardfault
                0x00000000100001c6                isr_svcall
                0x00000000100001c8                isr_pendsv
                0x00000000100001ca                isr_systick
                0x00000000100001cc                isr_irq28
                0x00000000100001cc                isr_irq19
                0x00000000100001cc                isr_irq0
                0x00000000100001cc                isr_irq6
                0x00000000100001cc                isr_irq22
                0x00000000100001cc                isr_irq17
                0x00000000100001cc                isr_irq14
                0x00000000100001cc                isr_irq2
                0x00000000100001cc                isr_irq10
                0x00000000100001cc                isr_irq8
                0x00000000100001cc                isr_irq24
                0x00000000100001cc                isr_irq1
                0x00000000100001cc                isr_irq7
                0x00000000100001cc                isr_irq21
                0x00000000100001cc                isr_irq20
                0x00000000100001cc                isr_irq15
                0x00000000100001cc                isr_irq25
                0x00000000100001cc                isr_irq4
                0x00000000100001cc                isr_irq16
                0x00000000100001cc                isr_irq29
                0x00000000100001cc                isr_irq26
                0x00000000100001cc                __default_isrs_end
                0x00000000100001cc                isr_irq3
                0x00000000100001cc                isr_irq9
                0x00000000100001cc                __unhandled_user_irq
                0x00000000100001cc                isr_irq13
                0x00000000100001cc                isr_irq27
                0x00000000100001cc                isr_irq31
                0x00000000100001cc                isr_irq5
                0x00000000100001cc                isr_irq11
                0x00000000100001cc                isr_irq23
                0x00000000100001cc                isr_irq18
                0x00000000100001cc                isr_irq30
                0x00000000100001cc                isr_irq12
                0x00000000100001d2                unhandled_user_irq_num_in_r0
 *(.binary_info_header)
 .binary_info_header
                0x00000000100001d4       0x14 CMakeFiles/MappingDemo.dir/Users/muhdismaelosman/pico/pico-sdk/src/rp2_common/pico_standard_link/crt0.S.obj
                0x00000000100001e8                __binary_info_header_end = .
 *(.reset)
 .reset         0x00000000100001e8       0xa8 CMakeFiles/MappingDemo.dir/Users/muhdismaelosman/pico/pico-sdk/src/rp2_common/pico_standard_link/crt0.S.obj
                0x00000000100001e8                _entry_point
                0x0000000010000266                __get_current_exception
 .reset         0x0000000010000290       0x30 CMakeFiles/MappingDemo.dir/Users/muhdismaelosman/pico/pico-sdk/src/rp2_common/pico_standard_link/binary_info.c.obj
 *(.init)
 .init          0x00000000100002c0        0x4 /opt/homebrew/Cellar/arm-none-eabi-gcc/10.3-2021.07/gcc/bin/../lib/gcc/arm-none-eabi/10.3.1/thumb/v6-m/nofp/crti.o
                0x00000000100002c0                _init
 *(EXCLUDE_FILE(*libm.a: *libc.a:*lib_a-mem*.o *libgcc.a:) .text*)
 .text          0x00000000100002c4       0x48 /opt/homebrew/Cellar/arm-none-eabi-gcc/10.3-2021.07/gcc/bin/../lib/gcc/arm-none-eabi/10.3.1/thumb/v6-m/nofp/crtbegin.o
 .text.ifReachStartingPoint
                0x000000001000030c       0x44 CMakeFiles/MappingDemo.dir/AdjacencyMatrixMap.c.obj
                0x000000001000030c                ifReachStartingPoint
 .text.moveForward
                0x0000000010000350       0x7c CMakeFiles/MappingDemo.dir/AdjacencyMatrixMap.c.obj
                0x0000000010000350                moveForward
 .text.turnRight
                0x00000000100003cc       0x88 CMakeFiles/MappingDemo.dir/AdjacencyMatrixMap.c.obj
                0x00000000100003cc                turnRight
 .text.turnLeft
                0x0000000010000454       0x88 CMakeFiles/MappingDemo.dir/AdjacencyMatrixMap.c.obj
                0x0000000010000454                turnLeft
 .text.reverseRight
                0x00000000100004dc       0x1c CMakeFiles/MappingDemo.dir/AdjacencyMatrixMap.c.obj
                0x00000000100004dc                reverseRight
 .text.reverseLeft
                0x00000000100004f8       0x1c CMakeFiles/MappingDemo.dir/AdjacencyMatrixMap.c.obj
                0x00000000100004f8                reverseLeft
 .text.reverseBack
                0x0000000010000514       0x28 CMakeFiles/MappingDemo.dir/AdjacencyMatrixMap.c.obj
                0x0000000010000514                reverseBack
 .text.main     0x000000001000053c     0x1cc8 CMakeFiles/MappingDemo.dir/AdjacencyMatrixMap.c.obj
                0x000000001000053c                main
 .text.destroyGraph
                0x0000000010002204       0x74 CMakeFiles/MappingDemo.dir/AdjacencyMatrix.c.obj
                0x0000000010002204                destroyGraph
 .text.createGraph
                0x0000000010002278      0x590 CMakeFiles/MappingDemo.dir/AdjacencyMatrix.c.obj
                0x0000000010002278                createGraph
 .text.printEdges
                0x0000000010002808       0xe4 CMakeFiles/MappingDemo.dir/AdjacencyMatrix.c.obj
                0x0000000010002808                printEdges
 .text.printDirectionsWhenNorth
                0x00000000100028ec       0xec CMakeFiles/MappingDemo.dir/AdjacencyMatrix.c.obj
                0x00000000100028ec                printDirectionsWhenNorth
 .text.printDirectionsWhenSouth
                0x00000000100029d8       0xec CMakeFiles/MappingDemo.dir/AdjacencyMatrix.c.obj
                0x00000000100029d8                printDirectionsWhenSouth
 .text.printDirectionsWhenWest
                0x0000000010002ac4       0xec CMakeFiles/MappingDemo.dir/AdjacencyMatrix.c.obj
                0x0000000010002ac4                printDirectionsWhenWest
 .text.printDirectionsWhenEast
                0x0000000010002bb0       0xfc CMakeFiles/MappingDemo.dir/AdjacencyMatrix.c.obj
                0x0000000010002bb0                printDirectionsWhenEast
 .text.printBarcodes
                0x0000000010002cac       0xe4 CMakeFiles/MappingDemo.dir/AdjacencyMatrix.c.obj
                0x0000000010002cac                printBarcodes
 .text.printHumps
                0x0000000010002d90       0xe4 CMakeFiles/MappingDemo.dir/AdjacencyMatrix.c.obj
                0x0000000010002d90                printHumps
 .text.hasDirectionNorth
                0x0000000010002e74       0x1e CMakeFiles/MappingDemo.dir/AdjacencyMatrix.c.obj
                0x0000000010002e74                hasDirectionNorth
 .text.addDirectionNorth
                0x0000000010002e92       0xba CMakeFiles/MappingDemo.dir/AdjacencyMatrix.c.obj
                0x0000000010002e92                addDirectionNorth
 .text.hasDirectionSouth
                0x0000000010002f4c       0x1e CMakeFiles/MappingDemo.dir/AdjacencyMatrix.c.obj
                0x0000000010002f4c                hasDirectionSouth
 .text.addDirectionSouth
                0x0000000010002f6a       0xba CMakeFiles/MappingDemo.dir/AdjacencyMatrix.c.obj
                0x0000000010002f6a                addDirectionSouth
 .text.hasDirectionWest
                0x0000000010003024       0x1e CMakeFiles/MappingDemo.dir/AdjacencyMatrix.c.obj
                0x0000000010003024                hasDirectionWest
 .text.addDirectionWest
                0x0000000010003042       0xba CMakeFiles/MappingDemo.dir/AdjacencyMatrix.c.obj
                0x0000000010003042                addDirectionWest
 .text.hasDirectionEast
                0x00000000100030fc       0x26 CMakeFiles/MappingDemo.dir/AdjacencyMatrix.c.obj
                0x00000000100030fc                hasDirectionEast
 .text.addDirectionEast
                0x0000000010003122       0xe2 CMakeFiles/MappingDemo.dir/AdjacencyMatrix.c.obj
                0x0000000010003122                addDirectionEast
 .text.addDirection
                0x0000000010003204      0x3d0 CMakeFiles/MappingDemo.dir/AdjacencyMatrix.c.obj
                0x0000000010003204                addDirection
 .text.hasEdge  0x00000000100035d4       0x1e CMakeFiles/MappingDemo.dir/AdjacencyMatrix.c.obj
                0x00000000100035d4                hasEdge
 .text.addEdge  0x00000000100035f2       0x4c CMakeFiles/MappingDemo.dir/AdjacencyMatrix.c.obj
                0x00000000100035f2                addEdge
 .text.hasBarcode
                0x000000001000363e       0x1e CMakeFiles/MappingDemo.dir/AdjacencyMatrix.c.obj
                0x000000001000363e                hasBarcode
 .text.addBarcode
                0x000000001000365c       0x4c CMakeFiles/MappingDemo.dir/AdjacencyMatrix.c.obj
                0x000000001000365c                addBarcode
 .text.hasHump  0x00000000100036a8       0x1e CMakeFiles/MappingDemo.dir/AdjacencyMatrix.c.obj
                0x00000000100036a8                hasHump
 .text.addHump  0x00000000100036c6       0x4c CMakeFiles/MappingDemo.dir/AdjacencyMatrix.c.obj
                0x00000000100036c6                addHump
 *fill*         0x0000000010003712        0x2 
 .text.printMap
                0x0000000010003714      0x260 CMakeFiles/MappingDemo.dir/AdjacencyMatrix.c.obj
                0x0000000010003714                printMap
 .text.printAllMatrix
                0x0000000010003974       0x2e CMakeFiles/MappingDemo.dir/AdjacencyMatrix.c.obj
                0x0000000010003974                printAllMatrix
 *fill*         0x00000000100039a2        0x2 
 .text.checkAllNodesHasAtLeast1Edge
                0x00000000100039a4       0x90 CMakeFiles/MappingDemo.dir/AdjacencyMatrix.c.obj
                0x00000000100039a4                checkAllNodesHasAtLeast1Edge
 .text.bytesConsumedByMap
                0x0000000010003a34       0x10 CMakeFiles/MappingDemo.dir/AdjacencyMatrix.c.obj
                0x0000000010003a34                bytesConsumedByMap
 .text.nextGrid
                0x0000000010003a44       0xae CMakeFiles/MappingDemo.dir/AdjacencyMatrix.c.obj
                0x0000000010003a44                nextGrid
 *fill*         0x0000000010003af2        0x2 
 .text.updateGridVisited
                0x0000000010003af4       0x88 CMakeFiles/MappingDemo.dir/AdjacencyMatrix.c.obj
                0x0000000010003af4                updateGridVisited
 .text.printGridVisited
                0x0000000010003b7c       0x58 CMakeFiles/MappingDemo.dir/AdjacencyMatrix.c.obj
                0x0000000010003b7c                printGridVisited
 .text.gpio_set_function
                0x0000000010003bd4       0x30 CMakeFiles/MappingDemo.dir/Users/muhdismaelosman/pico/pico-sdk/src/rp2_common/hardware_gpio/gpio.c.obj
                0x0000000010003bd4                gpio_set_function
 .text.gpio_init
                0x0000000010003c04       0x16 CMakeFiles/MappingDemo.dir/Users/muhdismaelosman/pico/pico-sdk/src/rp2_common/hardware_gpio/gpio.c.obj
                0x0000000010003c04                gpio_init
 *fill*         0x0000000010003c1a        0x2 
 .text.hw_claim_lock
                0x0000000010003c1c       0x18 CMakeFiles/MappingDemo.dir/Users/muhdismaelosman/pico/pico-sdk/src/rp2_common/hardware_claim/claim.c.obj
                0x0000000010003c1c                hw_claim_lock
 .text.hw_claim_unlock
                0x0000000010003c34       0x14 CMakeFiles/MappingDemo.dir/Users/muhdismaelosman/pico/pico-sdk/src/rp2_common/hardware_claim/claim.c.obj
                0x0000000010003c34                hw_claim_unlock
 .text.hw_claim_or_assert
                0x0000000010003c48       0x32 CMakeFiles/MappingDemo.dir/Users/muhdismaelosman/pico/pico-sdk/src/rp2_common/hardware_claim/claim.c.obj
                0x0000000010003c48                hw_claim_or_assert
 .text.hw_claim_unused_from_range
                0x0000000010003c7a       0x50 CMakeFiles/MappingDemo.dir/Users/muhdismaelosman/pico/pico-sdk/src/rp2_common/hardware_claim/claim.c.obj
                0x0000000010003c7a                hw_claim_unused_from_range
 *fill*         0x0000000010003cca        0x2 
 .text.running_on_fpga
                0x0000000010003ccc       0x14 CMakeFiles/MappingDemo.dir/Users/muhdismaelosman/pico/pico-sdk/src/rp2_common/pico_platform/platform.c.obj
                0x0000000010003ccc                running_on_fpga
 .text.spin_locks_reset
                0x0000000010003ce0       0x20 CMakeFiles/MappingDemo.dir/Users/muhdismaelosman/pico/pico-sdk/src/rp2_common/hardware_sync/sync.c.obj
                0x0000000010003ce0                spin_locks_reset
 .text.next_striped_spin_lock_num
                0x0000000010003d00       0x1c CMakeFiles/MappingDemo.dir/Users/muhdismaelosman/pico/pico-sdk/src/rp2_common/hardware_sync/sync.c.obj
                0x0000000010003d00                next_striped_spin_lock_num
 .text.spin_lock_claim_unused
                0x0000000010003d1c       0x20 CMakeFiles/MappingDemo.dir/Users/muhdismaelosman/pico/pico-sdk/src/rp2_common/hardware_sync/sync.c.obj
                0x0000000010003d1c                spin_lock_claim_unused
 .text.set_raw_irq_handler_and_unlock
                0x0000000010003d3c       0x28 CMakeFiles/MappingDemo.dir/Users/muhdismaelosman/pico/pico-sdk/src/rp2_common/hardware_irq/irq.c.obj
 .text.make_branch
                0x0000000010003d64       0x48 CMakeFiles/MappingDemo.dir/Users/muhdismaelosman/pico/pico-sdk/src/rp2_common/hardware_irq/irq.c.obj
 .text.insert_branch_and_link
                0x0000000010003dac       0x40 CMakeFiles/MappingDemo.dir/Users/muhdismaelosman/pico/pico-sdk/src/rp2_common/hardware_irq/irq.c.obj
 .text.irq_is_enabled
                0x0000000010003dec       0x18 CMakeFiles/MappingDemo.dir/Users/muhdismaelosman/pico/pico-sdk/src/rp2_common/hardware_irq/irq.c.obj
                0x0000000010003dec                irq_is_enabled
 .text.irq_set_mask_enabled
                0x0000000010003e04       0x20 CMakeFiles/MappingDemo.dir/Users/muhdismaelosman/pico/pico-sdk/src/rp2_common/hardware_irq/irq.c.obj
                0x0000000010003e04                irq_set_mask_enabled
 .text.irq_set_enabled
                0x0000000010003e24        0xe CMakeFiles/MappingDemo.dir/Users/muhdismaelosman/pico/pico-sdk/src/rp2_common/hardware_irq/irq.c.obj
                0x0000000010003e24                irq_set_enabled
 *fill*         0x0000000010003e32        0x2 
 .text.irq_set_pending
                0x0000000010003e34       0x10 CMakeFiles/MappingDemo.dir/Users/muhdismaelosman/pico/pico-sdk/src/rp2_common/hardware_irq/irq.c.obj
                0x0000000010003e34                irq_set_pending
 .text.irq_get_vtable_handler
                0x0000000010003e44       0x10 CMakeFiles/MappingDemo.dir/Users/muhdismaelosman/pico/pico-sdk/src/rp2_common/hardware_irq/irq.c.obj
                0x0000000010003e44                irq_get_vtable_handler
 .text.irq_has_shared_handler
                0x0000000010003e54       0x24 CMakeFiles/MappingDemo.dir/Users/muhdismaelosman/pico/pico-sdk/src/rp2_common/hardware_irq/irq.c.obj
                0x0000000010003e54                irq_has_shared_handler
 .text.irq_set_exclusive_handler
                0x0000000010003e78       0x54 CMakeFiles/MappingDemo.dir/Users/muhdismaelosman/pico/pico-sdk/src/rp2_common/hardware_irq/irq.c.obj
                0x0000000010003e78                irq_set_exclusive_handler
 .text.irq_add_shared_handler
                0x0000000010003ecc      0x230 CMakeFiles/MappingDemo.dir/Users/muhdismaelosman/pico/pico-sdk/src/rp2_common/hardware_irq/irq.c.obj
                0x0000000010003ecc                irq_add_shared_handler
 .text.irq_remove_handler
                0x00000000100040fc      0x1a8 CMakeFiles/MappingDemo.dir/Users/muhdismaelosman/pico/pico-sdk/src/rp2_common/hardware_irq/irq.c.obj
                0x00000000100040fc                irq_remove_handler
 .text.irq_add_tail_to_free_list
                0x00000000100042a4       0xf0 CMakeFiles/MappingDemo.dir/Users/muhdismaelosman/pico/pico-sdk/src/rp2_common/hardware_irq/irq.c.obj
                0x00000000100042a4                irq_add_tail_to_free_list
 .text.irq_init_priorities
                0x0000000010004394       0x1c CMakeFiles/MappingDemo.dir/Users/muhdismaelosman/pico/pico-sdk/src/rp2_common/hardware_irq/irq.c.obj
                0x0000000010004394                irq_init_priorities
 .text.user_irq_claim_unused
                0x00000000100043b0       0x30 CMakeFiles/MappingDemo.dir/Users/muhdismaelosman/pico/pico-sdk/src/rp2_common/hardware_irq/irq.c.obj
                0x00000000100043b0                user_irq_claim_unused
 .text.lock_init
                0x00000000100043e0       0x10 CMakeFiles/MappingDemo.dir/Users/muhdismaelosman/pico/pico-sdk/src/common/pico_sync/lock_core.c.obj
                0x00000000100043e0                lock_init
 .text.alarm_pool_post_alloc_init
                0x00000000100043f0       0x40 CMakeFiles/MappingDemo.dir/Users/muhdismaelosman/pico/pico-sdk/src/common/pico_time/time.c.obj
 .text.sleep_until_callback
                0x0000000010004430       0x30 CMakeFiles/MappingDemo.dir/Users/muhdismaelosman/pico/pico-sdk/src/common/pico_time/time.c.obj
 .text.timer_pool_entry_comparator
                0x0000000010004460       0x7c CMakeFiles/MappingDemo.dir/Users/muhdismaelosman/pico/pico-sdk/src/common/pico_time/time.c.obj
                0x0000000010004460                timer_pool_entry_comparator
 .text.ph_add_child_node
                0x00000000100044dc       0xa4 CMakeFiles/MappingDemo.dir/Users/muhdismaelosman/pico/pico-sdk/src/common/pico_time/time.c.obj
 .text.ph_merge_nodes
                0x0000000010004580       0x3e CMakeFiles/MappingDemo.dir/Users/muhdismaelosman/pico/pico-sdk/src/common/pico_time/time.c.obj
 *fill*         0x00000000100045be        0x2 
 .text.add_alarm_under_lock
                0x00000000100045c0      0x174 CMakeFiles/MappingDemo.dir/Users/muhdismaelosman/pico/pico-sdk/src/common/pico_time/time.c.obj
 .text.alarm_pool_alarm_callback
                0x0000000010004734      0x328 CMakeFiles/MappingDemo.dir/Users/muhdismaelosman/pico/pico-sdk/src/common/pico_time/time.c.obj
 .text.alarm_pool_init_default
                0x0000000010004a5c       0x38 CMakeFiles/MappingDemo.dir/Users/muhdismaelosman/pico/pico-sdk/src/common/pico_time/time.c.obj
                0x0000000010004a5c                alarm_pool_init_default
 .text.alarm_pool_get_default
                0x0000000010004a94       0x2c CMakeFiles/MappingDemo.dir/Users/muhdismaelosman/pico/pico-sdk/src/common/pico_time/time.c.obj
                0x0000000010004a94                alarm_pool_get_default
 .text.alarm_pool_add_alarm_at
                0x0000000010004ac0      0x170 CMakeFiles/MappingDemo.dir/Users/muhdismaelosman/pico/pico-sdk/src/common/pico_time/time.c.obj
                0x0000000010004ac0                alarm_pool_add_alarm_at
 .text.alarm_pool_cancel_alarm
                0x0000000010004c30       0xf0 CMakeFiles/MappingDemo.dir/Users/muhdismaelosman/pico/pico-sdk/src/common/pico_time/time.c.obj
                0x0000000010004c30                alarm_pool_cancel_alarm
 .text.sleep_until
                0x0000000010004d20       0xfc CMakeFiles/MappingDemo.dir/Users/muhdismaelosman/pico/pico-sdk/src/common/pico_time/time.c.obj
                0x0000000010004d20                sleep_until
 .text.sleep_us
                0x0000000010004e1c       0x58 CMakeFiles/MappingDemo.dir/Users/muhdismaelosman/pico/pico-sdk/src/common/pico_time/time.c.obj
                0x0000000010004e1c                sleep_us
 .text.sleep_ms
                0x0000000010004e74       0x14 CMakeFiles/MappingDemo.dir/Users/muhdismaelosman/pico/pico-sdk/src/common/pico_time/time.c.obj
                0x0000000010004e74                sleep_ms
 .text.best_effort_wfe_or_timeout
                0x0000000010004e88       0x80 CMakeFiles/MappingDemo.dir/Users/muhdismaelosman/pico/pico-sdk/src/common/pico_time/time.c.obj
                0x0000000010004e88                best_effort_wfe_or_timeout
 .text.hardware_alarm_irq_handler
                0x0000000010004f08       0x8c CMakeFiles/MappingDemo.dir/Users/muhdismaelosman/pico/pico-sdk/src/rp2_common/hardware_timer/timer.c.obj
 .text.hardware_alarm_claim
                0x0000000010004f94       0x18 CMakeFiles/MappingDemo.dir/Users/muhdismaelosman/pico/pico-sdk/src/rp2_common/hardware_timer/timer.c.obj
                0x0000000010004f94                hardware_alarm_claim
 .text.time_us_64
                0x0000000010004fac       0x18 CMakeFiles/MappingDemo.dir/Users/muhdismaelosman/pico/pico-sdk/src/rp2_common/hardware_timer/timer.c.obj
                0x0000000010004fac                time_us_64
 .text.busy_wait_until
                0x0000000010004fc4       0x28 CMakeFiles/MappingDemo.dir/Users/muhdismaelosman/pico/pico-sdk/src/rp2_common/hardware_timer/timer.c.obj
                0x0000000010004fc4                busy_wait_until
 .text.busy_wait_us
                0x0000000010004fec       0x48 CMakeFiles/MappingDemo.dir/Users/muhdismaelosman/pico/pico-sdk/src/rp2_common/hardware_timer/timer.c.obj
                0x0000000010004fec                busy_wait_us
 .text.hardware_alarm_set_callback
                0x0000000010005034       0x90 CMakeFiles/MappingDemo.dir/Users/muhdismaelosman/pico/pico-sdk/src/rp2_common/hardware_timer/timer.c.obj
                0x0000000010005034                hardware_alarm_set_callback
 .text.hardware_alarm_set_target
                0x00000000100050c4       0xe8 CMakeFiles/MappingDemo.dir/Users/muhdismaelosman/pico/pico-sdk/src/rp2_common/hardware_timer/timer.c.obj
                0x00000000100050c4                hardware_alarm_set_target
 .text.hardware_alarm_cancel
                0x00000000100051ac       0x40 CMakeFiles/MappingDemo.dir/Users/muhdismaelosman/pico/pico-sdk/src/rp2_common/hardware_timer/timer.c.obj
                0x00000000100051ac                hardware_alarm_cancel
 .text.ph_add_child_node
                0x00000000100051ec       0xa4 CMakeFiles/MappingDemo.dir/Users/muhdismaelosman/pico/pico-sdk/src/common/pico_util/pheap.c.obj
 .text.ph_merge_nodes
                0x0000000010005290       0x3e CMakeFiles/MappingDemo.dir/Users/muhdismaelosman/pico/pico-sdk/src/common/pico_util/pheap.c.obj
 *fill*         0x00000000100052ce        0x2 
 .text.ph_clear
                0x00000000100052d0       0x70 CMakeFiles/MappingDemo.dir/Users/muhdismaelosman/pico/pico-sdk/src/common/pico_util/pheap.c.obj
                0x00000000100052d0                ph_clear
 .text.ph_post_alloc_init
                0x0000000010005340        0xe CMakeFiles/MappingDemo.dir/Users/muhdismaelosman/pico/pico-sdk/src/common/pico_util/pheap.c.obj
                0x0000000010005340                ph_post_alloc_init
 *fill*         0x000000001000534e        0x2 
 .text.ph_merge_two_pass
                0x0000000010005350       0xa8 CMakeFiles/MappingDemo.dir/Users/muhdismaelosman/pico/pico-sdk/src/common/pico_util/pheap.c.obj
                0x0000000010005350                ph_merge_two_pass
 .text.ph_remove_any_head
                0x00000000100053f8      0x108 CMakeFiles/MappingDemo.dir/Users/muhdismaelosman/pico/pico-sdk/src/common/pico_util/pheap.c.obj
 .text.ph_remove_head
                0x0000000010005500       0x14 CMakeFiles/MappingDemo.dir/Users/muhdismaelosman/pico/pico-sdk/src/common/pico_util/pheap.c.obj
                0x0000000010005500                ph_remove_head
 .text.ph_remove_and_free_node
                0x0000000010005514       0xf8 CMakeFiles/MappingDemo.dir/Users/muhdismaelosman/pico/pico-sdk/src/common/pico_util/pheap.c.obj
                0x0000000010005514                ph_remove_and_free_node
 .text.mutex_init
                0x000000001000560c       0x1a CMakeFiles/MappingDemo.dir/Users/muhdismaelosman/pico/pico-sdk/src/common/pico_sync/mutex.c.obj
                0x000000001000560c                mutex_init
 .text.recursive_mutex_init
                0x0000000010005626       0x1e CMakeFiles/MappingDemo.dir/Users/muhdismaelosman/pico/pico-sdk/src/common/pico_sync/mutex.c.obj
                0x0000000010005626                recursive_mutex_init
 .text.critical_section_init_with_lock_num
                0x0000000010005644       0x14 CMakeFiles/MappingDemo.dir/Users/muhdismaelosman/pico/pico-sdk/src/common/pico_sync/critical_section.c.obj
                0x0000000010005644                critical_section_init_with_lock_num
 .text.critical_section_init
                0x0000000010005658       0x14 CMakeFiles/MappingDemo.dir/Users/muhdismaelosman/pico/pico-sdk/src/common/pico_sync/critical_section.c.obj
                0x0000000010005658                critical_section_init
 .text._exit    0x000000001000566c        0x4 CMakeFiles/MappingDemo.dir/Users/muhdismaelosman/pico/pico-sdk/src/rp2_common/pico_runtime/runtime.c.obj
                0x000000001000566c                _exit
 .text._sbrk    0x0000000010005670       0x38 CMakeFiles/MappingDemo.dir/Users/muhdismaelosman/pico/pico-sdk/src/rp2_common/pico_runtime/runtime.c.obj
                0x0000000010005670                _sbrk
 .text.exit     0x00000000100056a8        0x6 CMakeFiles/MappingDemo.dir/Users/muhdismaelosman/pico/pico-sdk/src/rp2_common/pico_runtime/runtime.c.obj
                0x00000000100056a8                exit
 *fill*         0x00000000100056ae        0x2 
 .text.__assert_func
                0x00000000100056b0       0x3c CMakeFiles/MappingDemo.dir/Users/muhdismaelosman/pico/pico-sdk/src/rp2_common/pico_runtime/runtime.c.obj
                0x00000000100056b0                __assert_func
 .text.runtime_init
                0x00000000100056ec       0xf8 CMakeFiles/MappingDemo.dir/Users/muhdismaelosman/pico/pico-sdk/src/rp2_common/pico_runtime/runtime.c.obj
                0x00000000100056ec                runtime_init
 .text.panic    0x00000000100057e4       0x30 CMakeFiles/MappingDemo.dir/Users/muhdismaelosman/pico/pico-sdk/src/rp2_common/pico_runtime/runtime.c.obj
                0x00000000100057e4                panic
 .text.clock_configure
                0x0000000010005814      0x104 CMakeFiles/MappingDemo.dir/Users/muhdismaelosman/pico/pico-sdk/src/rp2_common/hardware_clocks/clocks.c.obj
                0x0000000010005814                clock_configure
 .text.clocks_init
                0x0000000010005918      0x100 CMakeFiles/MappingDemo.dir/Users/muhdismaelosman/pico/pico-sdk/src/rp2_common/hardware_clocks/clocks.c.obj
                0x0000000010005918                clocks_init
 .text.pll_init
                0x0000000010005a18      0x140 CMakeFiles/MappingDemo.dir/Users/muhdismaelosman/pico/pico-sdk/src/rp2_common/hardware_pll/pll.c.obj
                0x0000000010005a18                pll_init
 .text.watchdog_start_tick
                0x0000000010005b58       0x10 CMakeFiles/MappingDemo.dir/Users/muhdismaelosman/pico/pico-sdk/src/rp2_common/hardware_watchdog/watchdog.c.obj
                0x0000000010005b58                watchdog_start_tick
 .text.watchdog_update
                0x0000000010005b68       0x14 CMakeFiles/MappingDemo.dir/Users/muhdismaelosman/pico/pico-sdk/src/rp2_common/hardware_watchdog/watchdog.c.obj
                0x0000000010005b68                watchdog_update
 .text._watchdog_enable
                0x0000000010005b7c       0x78 CMakeFiles/MappingDemo.dir/Users/muhdismaelosman/pico/pico-sdk/src/rp2_common/hardware_watchdog/watchdog.c.obj
                0x0000000010005b7c                _watchdog_enable
 .text.watchdog_reboot
                0x0000000010005bf4       0x48 CMakeFiles/MappingDemo.dir/Users/muhdismaelosman/pico/pico-sdk/src/rp2_common/hardware_watchdog/watchdog.c.obj
                0x0000000010005bf4                watchdog_reboot
 .text.xosc_init
                0x0000000010005c3c       0x28 CMakeFiles/MappingDemo.dir/Users/muhdismaelosman/pico/pico-sdk/src/rp2_common/hardware_xosc/xosc.c.obj
                0x0000000010005c3c                xosc_init
 .text._out_null
                0x0000000010005c64        0x2 CMakeFiles/MappingDemo.dir/Users/muhdismaelosman/pico/pico-sdk/src/rp2_common/pico_printf/printf.c.obj
 .text._out_fct
                0x0000000010005c66        0xe CMakeFiles/MappingDemo.dir/Users/muhdismaelosman/pico/pico-sdk/src/rp2_common/pico_printf/printf.c.obj
 .text._atoi    0x0000000010005c74       0x24 CMakeFiles/MappingDemo.dir/Users/muhdismaelosman/pico/pico-sdk/src/rp2_common/pico_printf/printf.c.obj
 .text._out_rev
                0x0000000010005c98       0xae CMakeFiles/MappingDemo.dir/Users/muhdismaelosman/pico/pico-sdk/src/rp2_common/pico_printf/printf.c.obj
 .text._ntoa_format
                0x0000000010005d46      0x112 CMakeFiles/MappingDemo.dir/Users/muhdismaelosman/pico/pico-sdk/src/rp2_common/pico_printf/printf.c.obj
 .text._ntoa_long
                0x0000000010005e58       0xbc CMakeFiles/MappingDemo.dir/Users/muhdismaelosman/pico/pico-sdk/src/rp2_common/pico_printf/printf.c.obj
 .text._ntoa_long_long
                0x0000000010005f14       0xe2 CMakeFiles/MappingDemo.dir/Users/muhdismaelosman/pico/pico-sdk/src/rp2_common/pico_printf/printf.c.obj
 *fill*         0x0000000010005ff6        0x2 
 .text._etoa    0x0000000010005ff8      0x414 CMakeFiles/MappingDemo.dir/Users/muhdismaelosman/pico/pico-sdk/src/rp2_common/pico_printf/printf.c.obj
 .text._ftoa    0x000000001000640c      0x354 CMakeFiles/MappingDemo.dir/Users/muhdismaelosman/pico/pico-sdk/src/rp2_common/pico_printf/printf.c.obj
 .text._vsnprintf
                0x0000000010006760      0x624 CMakeFiles/MappingDemo.dir/Users/muhdismaelosman/pico/pico-sdk/src/rp2_common/pico_printf/printf.c.obj
 .text.vfctprintf
                0x0000000010006d84       0x20 CMakeFiles/MappingDemo.dir/Users/muhdismaelosman/pico/pico-sdk/src/rp2_common/pico_printf/printf.c.obj
                0x0000000010006d84                vfctprintf
 .text          0x0000000010006da4       0x10 CMakeFiles/MappingDemo.dir/Users/muhdismaelosman/pico/pico-sdk/src/rp2_common/pico_bit_ops/bit_ops_aeabi.S.obj
 .text.rom_func_lookup
                0x0000000010006db4       0x10 CMakeFiles/MappingDemo.dir/Users/muhdismaelosman/pico/pico-sdk/src/rp2_common/pico_bootrom/bootrom.c.obj
                0x0000000010006db4                rom_func_lookup
 .text.rom_data_lookup
                0x0000000010006dc4       0x10 CMakeFiles/MappingDemo.dir/Users/muhdismaelosman/pico/pico-sdk/src/rp2_common/pico_bootrom/bootrom.c.obj
                0x0000000010006dc4                rom_data_lookup
 .text.rom_funcs_lookup
                0x0000000010006dd4       0x36 CMakeFiles/MappingDemo.dir/Users/muhdismaelosman/pico/pico-sdk/src/rp2_common/pico_bootrom/bootrom.c.obj
                0x0000000010006dd4                rom_funcs_lookup
 *fill*         0x0000000010006e0a        0x2 
 .text.__wrap___aeabi_idiv
                0x0000000010006e0c       0x50 CMakeFiles/MappingDemo.dir/Users/muhdismaelosman/pico/pico-sdk/src/rp2_common/pico_divider/divider.S.obj
                0x0000000010006e0c                __wrap___aeabi_idivmod
                0x0000000010006e0c                divmod_s32s32
                0x0000000010006e0c                div_s32s32
                0x0000000010006e0c                __wrap___aeabi_idiv
                0x0000000010006e14                divmod_s32s32_unsafe
                0x0000000010006e40                divmod_s32s32_savestate
 .text.__wrap___aeabi_uidiv
                0x0000000010006e5c       0x4c CMakeFiles/MappingDemo.dir/Users/muhdismaelosman/pico/pico-sdk/src/rp2_common/pico_divider/divider.S.obj
                0x0000000010006e5c                __wrap___aeabi_uidiv
                0x0000000010006e5c                __wrap___aeabi_uidivmod
                0x0000000010006e5c                div_u32u32
                0x0000000010006e5c                divmod_u32u32
                0x0000000010006e64                divmod_u32u32_unsafe
                0x0000000010006e8c                divmod_u32u32_savestate
 .text.__wrap___aeabi_ldiv
                0x0000000010006ea8      0x434 CMakeFiles/MappingDemo.dir/Users/muhdismaelosman/pico/pico-sdk/src/rp2_common/pico_divider/divider.S.obj
                0x0000000010006ea8                __wrap___aeabi_ldivmod
                0x0000000010006ea8                div_s64s64
                0x0000000010006ea8                divmod_s64s64
                0x0000000010006ee0                divmod_u64u64
                0x0000000010006ee0                div_u64u64
                0x0000000010006ee0                __wrap___aeabi_uldivmod
                0x0000000010006ef0                divmod_u64u64_savestate
                0x0000000010006f18                divmod_s64s64_unsafe
                0x0000000010006fa0                divmod_u64u64_unsafe
 .text.__wrap___aeabi_darithmetic
                0x00000000100072dc       0x80 CMakeFiles/MappingDemo.dir/Users/muhdismaelosman/pico/pico-sdk/src/rp2_common/pico_double/double_aeabi.S.obj
                0x00000000100072dc                __wrap___aeabi_drsub
                0x00000000100072e2                __wrap___aeabi_dsub
                0x00000000100072f4                __wrap___aeabi_dadd
                0x0000000010007306                __wrap___aeabi_ddiv
                0x0000000010007342                __wrap___aeabi_dmul
 .text.__wrap___aeabi_cdcmple
                0x000000001000735c       0x6c CMakeFiles/MappingDemo.dir/Users/muhdismaelosman/pico/pico-sdk/src/rp2_common/pico_double/double_aeabi.S.obj
                0x000000001000735c                __wrap___aeabi_cdrcmple
                0x000000001000736c                __wrap___aeabi_cdcmple
                0x000000001000736c                __wrap___aeabi_cdcmpeq
 .text.__wrap___aeabi_dcmplt
                0x00000000100073c8        0xc CMakeFiles/MappingDemo.dir/Users/muhdismaelosman/pico/pico-sdk/src/rp2_common/pico_double/double_aeabi.S.obj
                0x00000000100073c8                __wrap___aeabi_dcmplt
 .text.__wrap___aeabi_dcmple
                0x00000000100073d4       0x10 CMakeFiles/MappingDemo.dir/Users/muhdismaelosman/pico/pico-sdk/src/rp2_common/pico_double/double_aeabi.S.obj
                0x00000000100073d4                __wrap___aeabi_dcmple
 .text.__wrap___aeabi_dcmpge
                0x00000000100073e4       0x10 CMakeFiles/MappingDemo.dir/Users/muhdismaelosman/pico/pico-sdk/src/rp2_common/pico_double/double_aeabi.S.obj
                0x00000000100073e4                __wrap___aeabi_dcmpge
 .text.__wrap___aeabi_dcmpgt
                0x00000000100073f4        0xa CMakeFiles/MappingDemo.dir/Users/muhdismaelosman/pico/pico-sdk/src/rp2_common/pico_double/double_aeabi.S.obj
                0x00000000100073f4                __wrap___aeabi_dcmpgt
 .text.__wrap___aeabi_dcmpun
                0x00000000100073fe       0x1c CMakeFiles/MappingDemo.dir/Users/muhdismaelosman/pico/pico-sdk/src/rp2_common/pico_double/double_aeabi.S.obj
                0x00000000100073fe                __wrap___aeabi_dcmpun
 *fill*         0x000000001000741a        0x2 
 .text.__wrap___aeabi_i2d
                0x000000001000741c       0x38 CMakeFiles/MappingDemo.dir/Users/muhdismaelosman/pico/pico-sdk/src/rp2_common/pico_double/double_aeabi.S.obj
                0x000000001000741c                __wrap___aeabi_ui2d
                0x0000000010007424                __wrap___aeabi_i2d
 .text.__wrap___aeabi_d2iz
                0x0000000010007454       0x48 CMakeFiles/MappingDemo.dir/Users/muhdismaelosman/pico/pico-sdk/src/rp2_common/pico_double/double_aeabi.S.obj
                0x0000000010007454                __wrap___aeabi_d2iz
                0x0000000010007454                double2int_z
 .text.__wrap___aeabi_d2uiz
                0x000000001000749c       0x18 CMakeFiles/MappingDemo.dir/Users/muhdismaelosman/pico/pico-sdk/src/rp2_common/pico_double/double_aeabi.S.obj
                0x000000001000749c                double2uint
                0x000000001000749c                __wrap___aeabi_d2uiz
 .text.__aeabi_double_init
                0x00000000100074b4       0xc8 CMakeFiles/MappingDemo.dir/Users/muhdismaelosman/pico/pico-sdk/src/rp2_common/pico_double/double_init_rom.c.obj
                0x00000000100074b4                __aeabi_double_init
 .text.double_table_shim_on_use_helper
                0x000000001000757c       0x34 CMakeFiles/MappingDemo.dir/Users/muhdismaelosman/pico/pico-sdk/src/rp2_common/pico_double/double_v1_rom_shim.S.obj
                0x000000001000757c                double_table_shim_on_use_helper
 .text.__wrap___aeabi_dsub
                0x00000000100075b0       0x10 CMakeFiles/MappingDemo.dir/Users/muhdismaelosman/pico/pico-sdk/src/rp2_common/pico_double/double_v1_rom_shim.S.obj
                0x00000000100075b0                drsub_shim
                0x00000000100075b6                dsub_shim
 .text.dadd_shim
                0x00000000100075c0      0x15c CMakeFiles/MappingDemo.dir/Users/muhdismaelosman/pico/pico-sdk/src/rp2_common/pico_double/double_v1_rom_shim.S.obj
                0x00000000100075c0                dadd_shim
 .text.dmul_shim
                0x000000001000771c      0x15c CMakeFiles/MappingDemo.dir/Users/muhdismaelosman/pico/pico-sdk/src/rp2_common/pico_double/double_v1_rom_shim.S.obj
                0x000000001000771c                dmul_shim
 .text.ddiv_shim
                0x0000000010007878      0x1b0 CMakeFiles/MappingDemo.dir/Users/muhdismaelosman/pico/pico-sdk/src/rp2_common/pico_double/double_v1_rom_shim.S.obj
                0x0000000010007878                ddiv_shim
 .text.double2uint_shim
                0x0000000010007a28        0xe CMakeFiles/MappingDemo.dir/Users/muhdismaelosman/pico/pico-sdk/src/rp2_common/pico_double/double_v1_rom_shim.S.obj
                0x0000000010007a28                double2uint_shim
                0x0000000010007a2a                double2ufix_shim
 *fill*         0x0000000010007a36        0x2 
 .text.double2uint64_shim
                0x0000000010007a38       0x70 CMakeFiles/MappingDemo.dir/Users/muhdismaelosman/pico/pico-sdk/src/rp2_common/pico_double/double_v1_rom_shim.S.obj
                0x0000000010007a38                double2uint64_shim
                0x0000000010007a3a                double2ufix64_shim
                0x0000000010007a5a                d2fix_a
 .text.dunpacks
                0x0000000010007aa8       0x3c CMakeFiles/MappingDemo.dir/Users/muhdismaelosman/pico/pico-sdk/src/rp2_common/pico_double/double_v1_rom_shim.S.obj
                0x0000000010007aa8                dunpacks
 .text.__aeabi_lmul
                0x0000000010007ae4       0x32 CMakeFiles/MappingDemo.dir/Users/muhdismaelosman/pico/pico-sdk/src/rp2_common/pico_int64_ops/pico_int64_ops_aeabi.S.obj
                0x0000000010007ae4                __wrap___aeabi_lmul
 *fill*         0x0000000010007b16        0x2 
 .text.__aeabi_float_init
                0x0000000010007b18       0xfc CMakeFiles/MappingDemo.dir/Users/muhdismaelosman/pico/pico-sdk/src/rp2_common/pico_float/float_init_rom.c.obj
                0x0000000010007b18                __aeabi_float_init
 .text.float_table_shim_on_use_helper
                0x0000000010007c14       0x34 CMakeFiles/MappingDemo.dir/Users/muhdismaelosman/pico/pico-sdk/src/rp2_common/pico_float/float_v1_rom_shim.S.obj
                0x0000000010007c14                float_table_shim_on_use_helper
 .text.__wrap_malloc
                0x0000000010007c48       0x24 CMakeFiles/MappingDemo.dir/Users/muhdismaelosman/pico/pico-sdk/src/rp2_common/pico_malloc/pico_malloc.c.obj
                0x0000000010007c48                __wrap_malloc
 .text.__wrap_calloc
                0x0000000010007c6c       0x24 CMakeFiles/MappingDemo.dir/Users/muhdismaelosman/pico/pico-sdk/src/rp2_common/pico_malloc/pico_malloc.c.obj
                0x0000000010007c6c                __wrap_calloc
 .text.__wrap_free
                0x0000000010007c90        0x8 CMakeFiles/MappingDemo.dir/Users/muhdismaelosman/pico/pico-sdk/src/rp2_common/pico_malloc/pico_malloc.c.obj
                0x0000000010007c90                __wrap_free
 .text          0x0000000010007c98       0x10 CMakeFiles/MappingDemo.dir/Users/muhdismaelosman/pico/pico-sdk/src/rp2_common/pico_mem_ops/mem_ops_aeabi.S.obj
                0x0000000010007c98                __aeabi_mem_init
 .text.memset   0x0000000010007ca8        0xc CMakeFiles/MappingDemo.dir/Users/muhdismaelosman/pico/pico-sdk/src/rp2_common/pico_mem_ops/mem_ops_aeabi.S.obj
                0x0000000010007ca8                __wrap_memset
 .text.memcpy   0x0000000010007cb4        0xc CMakeFiles/MappingDemo.dir/Users/muhdismaelosman/pico/pico-sdk/src/rp2_common/pico_mem_ops/mem_ops_aeabi.S.obj
                0x0000000010007cb4                __wrap___aeabi_memcpy
                0x0000000010007cb4                __wrap_memcpy
 .text.stdio_out_chars_no_crlf
                0x0000000010007cc0        0xe CMakeFiles/MappingDemo.dir/Users/muhdismaelosman/pico/pico-sdk/src/rp2_common/pico_stdio/stdio.c.obj
 *fill*         0x0000000010007cce        0x2 
 .text.stdio_out_chars_crlf
                0x0000000010007cd0       0x80 CMakeFiles/MappingDemo.dir/Users/muhdismaelosman/pico/pico-sdk/src/rp2_common/pico_stdio/stdio.c.obj
 .text.stdio_stack_buffer_flush
                0x0000000010007d50       0x44 CMakeFiles/MappingDemo.dir/Users/muhdismaelosman/pico/pico-sdk/src/rp2_common/pico_stdio/stdio.c.obj
 .text.stdio_buffered_printer
                0x0000000010007d94       0x20 CMakeFiles/MappingDemo.dir/Users/muhdismaelosman/pico/pico-sdk/src/rp2_common/pico_stdio/stdio.c.obj
 .text.stdio_get_until
                0x0000000010007db4       0x80 CMakeFiles/MappingDemo.dir/Users/muhdismaelosman/pico/pico-sdk/src/rp2_common/pico_stdio/stdio.c.obj
 .text.stdout_serialize_begin
                0x0000000010007e34       0x30 CMakeFiles/MappingDemo.dir/Users/muhdismaelosman/pico/pico-sdk/src/rp2_common/pico_stdio/stdio.c.obj
                0x0000000010007e34                stdout_serialize_begin
 .text.stdout_serialize_end
                0x0000000010007e64       0x10 CMakeFiles/MappingDemo.dir/Users/muhdismaelosman/pico/pico-sdk/src/rp2_common/pico_stdio/stdio.c.obj
                0x0000000010007e64                stdout_serialize_end
 .text.stdio_put_string
                0x0000000010007e74       0x98 CMakeFiles/MappingDemo.dir/Users/muhdismaelosman/pico/pico-sdk/src/rp2_common/pico_stdio/stdio.c.obj
 .text.__wrap_putchar
                0x0000000010007f0c       0x1c CMakeFiles/MappingDemo.dir/Users/muhdismaelosman/pico/pico-sdk/src/rp2_common/pico_stdio/stdio.c.obj
                0x0000000010007f0c                __wrap_putchar
 .text._read    0x0000000010007f28       0x24 CMakeFiles/MappingDemo.dir/Users/muhdismaelosman/pico/pico-sdk/src/rp2_common/pico_stdio/stdio.c.obj
                0x0000000010007f28                _read
 .text._write   0x0000000010007f4c       0x22 CMakeFiles/MappingDemo.dir/Users/muhdismaelosman/pico/pico-sdk/src/rp2_common/pico_stdio/stdio.c.obj
                0x0000000010007f4c                _write
 *fill*         0x0000000010007f6e        0x2 
 .text.stdio_set_driver_enabled
                0x0000000010007f70       0x2c CMakeFiles/MappingDemo.dir/Users/muhdismaelosman/pico/pico-sdk/src/rp2_common/pico_stdio/stdio.c.obj
                0x0000000010007f70                stdio_set_driver_enabled
 .text.stdio_flush
                0x0000000010007f9c       0x20 CMakeFiles/MappingDemo.dir/Users/muhdismaelosman/pico/pico-sdk/src/rp2_common/pico_stdio/stdio.c.obj
                0x0000000010007f9c                stdio_flush
 .text.__wrap_puts
                0x0000000010007fbc       0x1e CMakeFiles/MappingDemo.dir/Users/muhdismaelosman/pico/pico-sdk/src/rp2_common/pico_stdio/stdio.c.obj
                0x0000000010007fbc                __wrap_puts
 *fill*         0x0000000010007fda        0x2 
 .text.__wrap_vprintf
                0x0000000010007fdc       0x44 CMakeFiles/MappingDemo.dir/Users/muhdismaelosman/pico/pico-sdk/src/rp2_common/pico_stdio/stdio.c.obj
                0x0000000010007fdc                __wrap_vprintf
 .text.__wrap_printf
                0x0000000010008020       0x18 CMakeFiles/MappingDemo.dir/Users/muhdismaelosman/pico/pico-sdk/src/rp2_common/pico_stdio/stdio.c.obj
                0x0000000010008020                __wrap_printf
 .text.stdio_init_all
                0x0000000010008038        0x8 CMakeFiles/MappingDemo.dir/Users/muhdismaelosman/pico/pico-sdk/src/rp2_common/pico_stdio/stdio.c.obj
                0x0000000010008038                stdio_init_all
 .text.resetd_init
                0x0000000010008040        0x2 CMakeFiles/MappingDemo.dir/Users/muhdismaelosman/pico/pico-sdk/src/rp2_common/pico_stdio_usb/reset_interface.c.obj
 *fill*         0x0000000010008042        0x2 
 .text.resetd_reset
                0x0000000010008044        0xc CMakeFiles/MappingDemo.dir/Users/muhdismaelosman/pico/pico-sdk/src/rp2_common/pico_stdio_usb/reset_interface.c.obj
 .text.resetd_open
                0x0000000010008050       0x34 CMakeFiles/MappingDemo.dir/Users/muhdismaelosman/pico/pico-sdk/src/rp2_common/pico_stdio_usb/reset_interface.c.obj
 .text.resetd_xfer_cb
                0x0000000010008084        0x4 CMakeFiles/MappingDemo.dir/Users/muhdismaelosman/pico/pico-sdk/src/rp2_common/pico_stdio_usb/reset_interface.c.obj
 .text.reset_usb_boot
                0x0000000010008088       0x18 CMakeFiles/MappingDemo.dir/Users/muhdismaelosman/pico/pico-sdk/src/rp2_common/pico_stdio_usb/reset_interface.c.obj
 .text.resetd_control_xfer_cb
                0x00000000100080a0       0x5c CMakeFiles/MappingDemo.dir/Users/muhdismaelosman/pico/pico-sdk/src/rp2_common/pico_stdio_usb/reset_interface.c.obj
 .text.usbd_app_driver_get_cb
                0x00000000100080fc        0xc CMakeFiles/MappingDemo.dir/Users/muhdismaelosman/pico/pico-sdk/src/rp2_common/pico_stdio_usb/reset_interface.c.obj
                0x00000000100080fc                usbd_app_driver_get_cb
 .text.tud_cdc_line_coding_cb
                0x0000000010008108       0x28 CMakeFiles/MappingDemo.dir/Users/muhdismaelosman/pico/pico-sdk/src/rp2_common/pico_stdio_usb/reset_interface.c.obj
                0x0000000010008108                tud_cdc_line_coding_cb
 .text.stdio_usb_in_chars
                0x0000000010008130       0x70 CMakeFiles/MappingDemo.dir/Users/muhdismaelosman/pico/pico-sdk/src/rp2_common/pico_stdio_usb/stdio_usb.c.obj
                0x0000000010008130                stdio_usb_in_chars
 .text.low_priority_worker_irq
                0x00000000100081a0       0x20 CMakeFiles/MappingDemo.dir/Users/muhdismaelosman/pico/pico-sdk/src/rp2_common/pico_stdio_usb/stdio_usb.c.obj
 .text.stdio_usb_out_chars
                0x00000000100081c0       0xd4 CMakeFiles/MappingDemo.dir/Users/muhdismaelosman/pico/pico-sdk/src/rp2_common/pico_stdio_usb/stdio_usb.c.obj
 .text.timer_task
                0x0000000010008294       0x40 CMakeFiles/MappingDemo.dir/Users/muhdismaelosman/pico/pico-sdk/src/rp2_common/pico_stdio_usb/stdio_usb.c.obj
 .text.usb_irq  0x00000000100082d4       0x10 CMakeFiles/MappingDemo.dir/Users/muhdismaelosman/pico/pico-sdk/src/rp2_common/pico_stdio_usb/stdio_usb.c.obj
 .text.stdio_usb_init
                0x00000000100082e4       0xec CMakeFiles/MappingDemo.dir/Users/muhdismaelosman/pico/pico-sdk/src/rp2_common/pico_stdio_usb/stdio_usb.c.obj
                0x00000000100082e4                stdio_usb_init
 .text.tud_descriptor_device_cb
                0x00000000100083d0        0x8 CMakeFiles/MappingDemo.dir/Users/muhdismaelosman/pico/pico-sdk/src/rp2_common/pico_stdio_usb/stdio_usb_descriptors.c.obj
                0x00000000100083d0                tud_descriptor_device_cb
 .text.tud_descriptor_configuration_cb
                0x00000000100083d8        0x8 CMakeFiles/MappingDemo.dir/Users/muhdismaelosman/pico/pico-sdk/src/rp2_common/pico_stdio_usb/stdio_usb_descriptors.c.obj
                0x00000000100083d8                tud_descriptor_configuration_cb
 .text.tud_descriptor_string_cb
                0x00000000100083e0       0x6c CMakeFiles/MappingDemo.dir/Users/muhdismaelosman/pico/pico-sdk/src/rp2_common/pico_stdio_usb/stdio_usb_descriptors.c.obj
                0x00000000100083e0                tud_descriptor_string_cb
 .text.hw_endpoint_get_by_addr
                0x000000001000844c       0x18 CMakeFiles/MappingDemo.dir/Users/muhdismaelosman/pico/pico-sdk/lib/tinyusb/src/portable/raspberrypi/rp2040/dcd_rp2040.c.obj
 .text.reset_ep0_pid
                0x0000000010008464       0x28 CMakeFiles/MappingDemo.dir/Users/muhdismaelosman/pico/pico-sdk/lib/tinyusb/src/portable/raspberrypi/rp2040/dcd_rp2040.c.obj
 .text._hw_endpoint_alloc
                0x000000001000848c       0x70 CMakeFiles/MappingDemo.dir/Users/muhdismaelosman/pico/pico-sdk/lib/tinyusb/src/portable/raspberrypi/rp2040/dcd_rp2040.c.obj
 .text.hw_endpoint_init
                0x00000000100084fc       0x88 CMakeFiles/MappingDemo.dir/Users/muhdismaelosman/pico/pico-sdk/lib/tinyusb/src/portable/raspberrypi/rp2040/dcd_rp2040.c.obj
 .text.reset_non_control_endpoints
                0x0000000010008584       0x40 CMakeFiles/MappingDemo.dir/Users/muhdismaelosman/pico/pico-sdk/lib/tinyusb/src/portable/raspberrypi/rp2040/dcd_rp2040.c.obj
 .text.hw_handle_buff_status
                0x00000000100085c4       0x8c CMakeFiles/MappingDemo.dir/Users/muhdismaelosman/pico/pico-sdk/lib/tinyusb/src/portable/raspberrypi/rp2040/dcd_rp2040.c.obj
 .text.dcd_rp2040_irq
                0x0000000010008650       0xc0 CMakeFiles/MappingDemo.dir/Users/muhdismaelosman/pico/pico-sdk/lib/tinyusb/src/portable/raspberrypi/rp2040/dcd_rp2040.c.obj
 .text.hw_endpoint_xfer
                0x0000000010008710       0x14 CMakeFiles/MappingDemo.dir/Users/muhdismaelosman/pico/pico-sdk/lib/tinyusb/src/portable/raspberrypi/rp2040/dcd_rp2040.c.obj
 .text.dcd_int_enable
                0x0000000010008724       0x2c CMakeFiles/MappingDemo.dir/Users/muhdismaelosman/pico/pico-sdk/lib/tinyusb/src/portable/raspberrypi/rp2040/dcd_rp2040.c.obj
                0x0000000010008724                dcd_int_enable
 .text.dcd_set_address
                0x0000000010008750       0x2c CMakeFiles/MappingDemo.dir/Users/muhdismaelosman/pico/pico-sdk/lib/tinyusb/src/portable/raspberrypi/rp2040/dcd_rp2040.c.obj
                0x0000000010008750                dcd_set_address
 .text.dcd_connect
                0x000000001000877c       0x10 CMakeFiles/MappingDemo.dir/Users/muhdismaelosman/pico/pico-sdk/lib/tinyusb/src/portable/raspberrypi/rp2040/dcd_rp2040.c.obj
                0x000000001000877c                dcd_connect
 .text.dcd_init
                0x000000001000878c       0x7c CMakeFiles/MappingDemo.dir/Users/muhdismaelosman/pico/pico-sdk/lib/tinyusb/src/portable/raspberrypi/rp2040/dcd_rp2040.c.obj
                0x000000001000878c                dcd_init
 .text.dcd_edpt0_status_complete
                0x0000000010008808       0x1c CMakeFiles/MappingDemo.dir/Users/muhdismaelosman/pico/pico-sdk/lib/tinyusb/src/portable/raspberrypi/rp2040/dcd_rp2040.c.obj
                0x0000000010008808                dcd_edpt0_status_complete
 .text.dcd_edpt_open
                0x0000000010008824       0x40 CMakeFiles/MappingDemo.dir/Users/muhdismaelosman/pico/pico-sdk/lib/tinyusb/src/portable/raspberrypi/rp2040/dcd_rp2040.c.obj
                0x0000000010008824                dcd_edpt_open
 .text.dcd_edpt_close_all
                0x0000000010008864        0x8 CMakeFiles/MappingDemo.dir/Users/muhdismaelosman/pico/pico-sdk/lib/tinyusb/src/portable/raspberrypi/rp2040/dcd_rp2040.c.obj
                0x0000000010008864                dcd_edpt_close_all
 .text.dcd_edpt_xfer
                0x000000001000886c       0x30 CMakeFiles/MappingDemo.dir/Users/muhdismaelosman/pico/pico-sdk/lib/tinyusb/src/portable/raspberrypi/rp2040/dcd_rp2040.c.obj
                0x000000001000886c                dcd_edpt_xfer
 .text.dcd_edpt_stall
                0x000000001000889c       0x2c CMakeFiles/MappingDemo.dir/Users/muhdismaelosman/pico/pico-sdk/lib/tinyusb/src/portable/raspberrypi/rp2040/dcd_rp2040.c.obj
                0x000000001000889c                dcd_edpt_stall
 .text.dcd_edpt_clear_stall
                0x00000000100088c8       0x20 CMakeFiles/MappingDemo.dir/Users/muhdismaelosman/pico/pico-sdk/lib/tinyusb/src/portable/raspberrypi/rp2040/dcd_rp2040.c.obj
                0x00000000100088c8                dcd_edpt_clear_stall
 .text.prepare_ep_buffer
                0x00000000100088e8       0x70 CMakeFiles/MappingDemo.dir/Users/muhdismaelosman/pico/pico-sdk/lib/tinyusb/src/portable/raspberrypi/rp2040/rp2040_usb.c.obj
 .text.sync_ep_buffer
                0x0000000010008958       0x7c CMakeFiles/MappingDemo.dir/Users/muhdismaelosman/pico/pico-sdk/lib/tinyusb/src/portable/raspberrypi/rp2040/rp2040_usb.c.obj
 .text._hw_endpoint_xfer_sync
                0x00000000100089d4       0x28 CMakeFiles/MappingDemo.dir/Users/muhdismaelosman/pico/pico-sdk/lib/tinyusb/src/portable/raspberrypi/rp2040/rp2040_usb.c.obj
 .text.rp2040_usb_init
                0x00000000100089fc       0x4c CMakeFiles/MappingDemo.dir/Users/muhdismaelosman/pico/pico-sdk/lib/tinyusb/src/portable/raspberrypi/rp2040/rp2040_usb.c.obj
                0x00000000100089fc                rp2040_usb_init
 .text.hw_endpoint_reset_transfer
                0x0000000010008a48        0xc CMakeFiles/MappingDemo.dir/Users/muhdismaelosman/pico/pico-sdk/lib/tinyusb/src/portable/raspberrypi/rp2040/rp2040_usb.c.obj
                0x0000000010008a48                hw_endpoint_reset_transfer
 .text._hw_endpoint_buffer_control_update32
                0x0000000010008a54       0x58 CMakeFiles/MappingDemo.dir/Users/muhdismaelosman/pico/pico-sdk/lib/tinyusb/src/portable/raspberrypi/rp2040/rp2040_usb.c.obj
                0x0000000010008a54                _hw_endpoint_buffer_control_update32
 .text._hw_endpoint_start_next_buffer
                0x0000000010008aac       0x74 CMakeFiles/MappingDemo.dir/Users/muhdismaelosman/pico/pico-sdk/lib/tinyusb/src/portable/raspberrypi/rp2040/rp2040_usb.c.obj
 .text.hw_endpoint_xfer_start
                0x0000000010008b20       0x48 CMakeFiles/MappingDemo.dir/Users/muhdismaelosman/pico/pico-sdk/lib/tinyusb/src/portable/raspberrypi/rp2040/rp2040_usb.c.obj
                0x0000000010008b20                hw_endpoint_xfer_start
 .text.hw_endpoint_xfer_continue
                0x0000000010008b68       0x38 CMakeFiles/MappingDemo.dir/Users/muhdismaelosman/pico/pico-sdk/lib/tinyusb/src/portable/raspberrypi/rp2040/rp2040_usb.c.obj
                0x0000000010008b68                hw_endpoint_xfer_continue
 .text.configuration_reset
                0x0000000010008ba0       0x84 CMakeFiles/MappingDemo.dir/Users/muhdismaelosman/pico/pico-sdk/lib/tinyusb/src/device/usbd.c.obj
 .text.usbd_reset
                0x0000000010008c24        0xc CMakeFiles/MappingDemo.dir/Users/muhdismaelosman/pico/pico-sdk/lib/tinyusb/src/device/usbd.c.obj
 .text.invoke_class_control
                0x0000000010008c30       0x1a CMakeFiles/MappingDemo.dir/Users/muhdismaelosman/pico/pico-sdk/lib/tinyusb/src/device/usbd.c.obj
 *fill*         0x0000000010008c4a        0x2 
 .text.process_set_config
                0x0000000010008c4c      0x1b0 CMakeFiles/MappingDemo.dir/Users/muhdismaelosman/pico/pico-sdk/lib/tinyusb/src/device/usbd.c.obj
 .text.process_get_descriptor
                0x0000000010008dfc       0xec CMakeFiles/MappingDemo.dir/Users/muhdismaelosman/pico/pico-sdk/lib/tinyusb/src/device/usbd.c.obj
 .text.tud_mounted
                0x0000000010008ee8       0x10 CMakeFiles/MappingDemo.dir/Users/muhdismaelosman/pico/pico-sdk/lib/tinyusb/src/device/usbd.c.obj
                0x0000000010008ee8                tud_mounted
 .text.tud_suspended
                0x0000000010008ef8       0x10 CMakeFiles/MappingDemo.dir/Users/muhdismaelosman/pico/pico-sdk/lib/tinyusb/src/device/usbd.c.obj
                0x0000000010008ef8                tud_suspended
 .text.tud_inited
                0x0000000010008f08        0xc CMakeFiles/MappingDemo.dir/Users/muhdismaelosman/pico/pico-sdk/lib/tinyusb/src/device/usbd.c.obj
                0x0000000010008f08                tud_inited
 .text.tud_init
                0x0000000010008f14       0xcc CMakeFiles/MappingDemo.dir/Users/muhdismaelosman/pico/pico-sdk/lib/tinyusb/src/device/usbd.c.obj
                0x0000000010008f14                tud_init
 .text.dcd_event_handler
                0x0000000010008fe0      0x1e0 CMakeFiles/MappingDemo.dir/Users/muhdismaelosman/pico/pico-sdk/lib/tinyusb/src/device/usbd.c.obj
                0x0000000010008fe0                dcd_event_handler
 .text.dcd_event_bus_signal
                0x00000000100091c0       0x26 CMakeFiles/MappingDemo.dir/Users/muhdismaelosman/pico/pico-sdk/lib/tinyusb/src/device/usbd.c.obj
                0x00000000100091c0                dcd_event_bus_signal
 .text.dcd_event_bus_reset
                0x00000000100091e6       0x2a CMakeFiles/MappingDemo.dir/Users/muhdismaelosman/pico/pico-sdk/lib/tinyusb/src/device/usbd.c.obj
                0x00000000100091e6                dcd_event_bus_reset
 .text.dcd_event_setup_received
                0x0000000010009210       0x34 CMakeFiles/MappingDemo.dir/Users/muhdismaelosman/pico/pico-sdk/lib/tinyusb/src/device/usbd.c.obj
                0x0000000010009210                dcd_event_setup_received
 .text.dcd_event_xfer_complete
                0x0000000010009244       0x44 CMakeFiles/MappingDemo.dir/Users/muhdismaelosman/pico/pico-sdk/lib/tinyusb/src/device/usbd.c.obj
                0x0000000010009244                dcd_event_xfer_complete
 .text.usbd_edpt_open
                0x0000000010009288       0x58 CMakeFiles/MappingDemo.dir/Users/muhdismaelosman/pico/pico-sdk/lib/tinyusb/src/device/usbd.c.obj
                0x0000000010009288                usbd_edpt_open
 .text.usbd_open_edpt_pair
                0x00000000100092e0       0x8c CMakeFiles/MappingDemo.dir/Users/muhdismaelosman/pico/pico-sdk/lib/tinyusb/src/device/usbd.c.obj
                0x00000000100092e0                usbd_open_edpt_pair
 .text.usbd_edpt_claim
                0x000000001000936c       0x8c CMakeFiles/MappingDemo.dir/Users/muhdismaelosman/pico/pico-sdk/lib/tinyusb/src/device/usbd.c.obj
                0x000000001000936c                usbd_edpt_claim
 .text.usbd_edpt_release
                0x00000000100093f8       0x68 CMakeFiles/MappingDemo.dir/Users/muhdismaelosman/pico/pico-sdk/lib/tinyusb/src/device/usbd.c.obj
                0x00000000100093f8                usbd_edpt_release
 .text.usbd_edpt_xfer
                0x0000000010009460       0x80 CMakeFiles/MappingDemo.dir/Users/muhdismaelosman/pico/pico-sdk/lib/tinyusb/src/device/usbd.c.obj
                0x0000000010009460                usbd_edpt_xfer
 .text.usbd_edpt_stall
                0x00000000100094e0       0x40 CMakeFiles/MappingDemo.dir/Users/muhdismaelosman/pico/pico-sdk/lib/tinyusb/src/device/usbd.c.obj
                0x00000000100094e0                usbd_edpt_stall
 .text.usbd_edpt_clear_stall
                0x0000000010009520       0x40 CMakeFiles/MappingDemo.dir/Users/muhdismaelosman/pico/pico-sdk/lib/tinyusb/src/device/usbd.c.obj
                0x0000000010009520                usbd_edpt_clear_stall
 .text.usbd_edpt_stalled
                0x0000000010009560       0x1c CMakeFiles/MappingDemo.dir/Users/muhdismaelosman/pico/pico-sdk/lib/tinyusb/src/device/usbd.c.obj
                0x0000000010009560                usbd_edpt_stalled
 .text.process_control_request
                0x000000001000957c      0x3b8 CMakeFiles/MappingDemo.dir/Users/muhdismaelosman/pico/pico-sdk/lib/tinyusb/src/device/usbd.c.obj
 .text.tud_task
                0x0000000010009934      0x218 CMakeFiles/MappingDemo.dir/Users/muhdismaelosman/pico/pico-sdk/lib/tinyusb/src/device/usbd.c.obj
                0x0000000010009934                tud_task
 .text._data_stage_xact
                0x0000000010009b4c       0x58 CMakeFiles/MappingDemo.dir/Users/muhdismaelosman/pico/pico-sdk/lib/tinyusb/src/device/usbd_control.c.obj
 .text.tud_control_status
                0x0000000010009ba4       0x38 CMakeFiles/MappingDemo.dir/Users/muhdismaelosman/pico/pico-sdk/lib/tinyusb/src/device/usbd_control.c.obj
                0x0000000010009ba4                tud_control_status
 .text.tud_control_xfer
                0x0000000010009bdc       0xa8 CMakeFiles/MappingDemo.dir/Users/muhdismaelosman/pico/pico-sdk/lib/tinyusb/src/device/usbd_control.c.obj
                0x0000000010009bdc                tud_control_xfer
 .text.usbd_control_reset
                0x0000000010009c84       0x14 CMakeFiles/MappingDemo.dir/Users/muhdismaelosman/pico/pico-sdk/lib/tinyusb/src/device/usbd_control.c.obj
                0x0000000010009c84                usbd_control_reset
 .text.usbd_control_set_complete_callback
                0x0000000010009c98        0xc CMakeFiles/MappingDemo.dir/Users/muhdismaelosman/pico/pico-sdk/lib/tinyusb/src/device/usbd_control.c.obj
                0x0000000010009c98                usbd_control_set_complete_callback
 .text.usbd_control_set_request
                0x0000000010009ca4       0x1c CMakeFiles/MappingDemo.dir/Users/muhdismaelosman/pico/pico-sdk/lib/tinyusb/src/device/usbd_control.c.obj
                0x0000000010009ca4                usbd_control_set_request
 .text.usbd_control_xfer_cb
                0x0000000010009cc0       0xfc CMakeFiles/MappingDemo.dir/Users/muhdismaelosman/pico/pico-sdk/lib/tinyusb/src/device/usbd_control.c.obj
                0x0000000010009cc0                usbd_control_xfer_cb
 .text._prep_out_transaction
                0x0000000010009dbc       0x46 CMakeFiles/MappingDemo.dir/Users/muhdismaelosman/pico/pico-sdk/lib/tinyusb/src/class/cdc/cdc_device.c.obj
 *fill*         0x0000000010009e02        0x2 
 .text.tud_cdc_n_connected
                0x0000000010009e04       0x44 CMakeFiles/MappingDemo.dir/Users/muhdismaelosman/pico/pico-sdk/lib/tinyusb/src/class/cdc/cdc_device.c.obj
                0x0000000010009e04                tud_cdc_n_connected
 .text.tud_cdc_n_available
                0x0000000010009e48       0x18 CMakeFiles/MappingDemo.dir/Users/muhdismaelosman/pico/pico-sdk/lib/tinyusb/src/class/cdc/cdc_device.c.obj
                0x0000000010009e48                tud_cdc_n_available
 .text.tud_cdc_n_read
                0x0000000010009e60       0x28 CMakeFiles/MappingDemo.dir/Users/muhdismaelosman/pico/pico-sdk/lib/tinyusb/src/class/cdc/cdc_device.c.obj
                0x0000000010009e60                tud_cdc_n_read
 .text.tud_cdc_n_write_flush
                0x0000000010009e88       0xcc CMakeFiles/MappingDemo.dir/Users/muhdismaelosman/pico/pico-sdk/lib/tinyusb/src/class/cdc/cdc_device.c.obj
                0x0000000010009e88                tud_cdc_n_write_flush
 .text.tud_cdc_n_write
                0x0000000010009f54       0x38 CMakeFiles/MappingDemo.dir/Users/muhdismaelosman/pico/pico-sdk/lib/tinyusb/src/class/cdc/cdc_device.c.obj
                0x0000000010009f54                tud_cdc_n_write
 .text.tud_cdc_n_write_available
                0x0000000010009f8c       0x1c CMakeFiles/MappingDemo.dir/Users/muhdismaelosman/pico/pico-sdk/lib/tinyusb/src/class/cdc/cdc_device.c.obj
                0x0000000010009f8c                tud_cdc_n_write_available
 .text.cdcd_init
                0x0000000010009fa8       0xbc CMakeFiles/MappingDemo.dir/Users/muhdismaelosman/pico/pico-sdk/lib/tinyusb/src/class/cdc/cdc_device.c.obj
                0x0000000010009fa8                cdcd_init
 .text.cdcd_reset
                0x000000001000a064       0x44 CMakeFiles/MappingDemo.dir/Users/muhdismaelosman/pico/pico-sdk/lib/tinyusb/src/class/cdc/cdc_device.c.obj
                0x000000001000a064                cdcd_reset
 .text.cdcd_open
                0x000000001000a0a8       0xf8 CMakeFiles/MappingDemo.dir/Users/muhdismaelosman/pico/pico-sdk/lib/tinyusb/src/class/cdc/cdc_device.c.obj
                0x000000001000a0a8                cdcd_open
 .text.cdcd_control_xfer_cb
                0x000000001000a1a0      0x134 CMakeFiles/MappingDemo.dir/Users/muhdismaelosman/pico/pico-sdk/lib/tinyusb/src/class/cdc/cdc_device.c.obj
                0x000000001000a1a0                cdcd_control_xfer_cb
 .text.cdcd_xfer_cb
                0x000000001000a2d4      0x144 CMakeFiles/MappingDemo.dir/Users/muhdismaelosman/pico/pico-sdk/lib/tinyusb/src/class/cdc/cdc_device.c.obj
                0x000000001000a2d4                cdcd_xfer_cb
 .text.tusb_init
                0x000000001000a418       0x24 CMakeFiles/MappingDemo.dir/Users/muhdismaelosman/pico/pico-sdk/lib/tinyusb/src/tusb.c.obj
                0x000000001000a418                tusb_init
 .text.tusb_inited
                0x000000001000a43c        0xe CMakeFiles/MappingDemo.dir/Users/muhdismaelosman/pico/pico-sdk/lib/tinyusb/src/tusb.c.obj
                0x000000001000a43c                tusb_inited
 *fill*         0x000000001000a44a        0x2 
 .text.tu_edpt_validate
                0x000000001000a44c       0xa8 CMakeFiles/MappingDemo.dir/Users/muhdismaelosman/pico/pico-sdk/lib/tinyusb/src/tusb.c.obj
                0x000000001000a44c                tu_edpt_validate
 .text.tu_edpt_bind_driver
                0x000000001000a4f4       0x2a CMakeFiles/MappingDemo.dir/Users/muhdismaelosman/pico/pico-sdk/lib/tinyusb/src/tusb.c.obj
                0x000000001000a4f4                tu_edpt_bind_driver
 .text.advance_pointer
                0x000000001000a51e       0x18 CMakeFiles/MappingDemo.dir/Users/muhdismaelosman/pico/pico-sdk/lib/tinyusb/src/common/tusb_fifo.c.obj
 .text.backward_pointer
                0x000000001000a536       0x1e CMakeFiles/MappingDemo.dir/Users/muhdismaelosman/pico/pico-sdk/lib/tinyusb/src/common/tusb_fifo.c.obj
 .text.get_relative_pointer
                0x000000001000a554       0x10 CMakeFiles/MappingDemo.dir/Users/muhdismaelosman/pico/pico-sdk/lib/tinyusb/src/common/tusb_fifo.c.obj
 .text._tu_fifo_peek
                0x000000001000a564       0x50 CMakeFiles/MappingDemo.dir/Users/muhdismaelosman/pico/pico-sdk/lib/tinyusb/src/common/tusb_fifo.c.obj
 .text._ff_pull_const_addr
                0x000000001000a5b4       0x4c CMakeFiles/MappingDemo.dir/Users/muhdismaelosman/pico/pico-sdk/lib/tinyusb/src/common/tusb_fifo.c.obj
 .text._ff_pull_n
                0x000000001000a600      0x10c CMakeFiles/MappingDemo.dir/Users/muhdismaelosman/pico/pico-sdk/lib/tinyusb/src/common/tusb_fifo.c.obj
 .text._tu_fifo_peek_n
                0x000000001000a70c       0x5e CMakeFiles/MappingDemo.dir/Users/muhdismaelosman/pico/pico-sdk/lib/tinyusb/src/common/tusb_fifo.c.obj
 .text._tu_fifo_read_n
                0x000000001000a76a       0x4e CMakeFiles/MappingDemo.dir/Users/muhdismaelosman/pico/pico-sdk/lib/tinyusb/src/common/tusb_fifo.c.obj
 .text._ff_push_const_addr
                0x000000001000a7b8       0x40 CMakeFiles/MappingDemo.dir/Users/muhdismaelosman/pico/pico-sdk/lib/tinyusb/src/common/tusb_fifo.c.obj
 .text._ff_push_n
                0x000000001000a7f8      0x108 CMakeFiles/MappingDemo.dir/Users/muhdismaelosman/pico/pico-sdk/lib/tinyusb/src/common/tusb_fifo.c.obj
 .text._tu_fifo_write_n
                0x000000001000a900       0x9e CMakeFiles/MappingDemo.dir/Users/muhdismaelosman/pico/pico-sdk/lib/tinyusb/src/common/tusb_fifo.c.obj
 .text.tu_fifo_config
                0x000000001000a99e       0x72 CMakeFiles/MappingDemo.dir/Users/muhdismaelosman/pico/pico-sdk/lib/tinyusb/src/common/tusb_fifo.c.obj
                0x000000001000a99e                tu_fifo_config
 .text.tu_fifo_count
                0x000000001000aa10       0x26 CMakeFiles/MappingDemo.dir/Users/muhdismaelosman/pico/pico-sdk/lib/tinyusb/src/common/tusb_fifo.c.obj
                0x000000001000aa10                tu_fifo_count
 .text.tu_fifo_empty
                0x000000001000aa36       0x10 CMakeFiles/MappingDemo.dir/Users/muhdismaelosman/pico/pico-sdk/lib/tinyusb/src/common/tusb_fifo.c.obj
                0x000000001000aa36                tu_fifo_empty
 .text.tu_fifo_remaining
                0x000000001000aa46       0x20 CMakeFiles/MappingDemo.dir/Users/muhdismaelosman/pico/pico-sdk/lib/tinyusb/src/common/tusb_fifo.c.obj
                0x000000001000aa46                tu_fifo_remaining
 .text.tu_fifo_read
                0x000000001000aa66       0x42 CMakeFiles/MappingDemo.dir/Users/muhdismaelosman/pico/pico-sdk/lib/tinyusb/src/common/tusb_fifo.c.obj
                0x000000001000aa66                tu_fifo_read
 .text.tu_fifo_read_n
                0x000000001000aaa8        0xa CMakeFiles/MappingDemo.dir/Users/muhdismaelosman/pico/pico-sdk/lib/tinyusb/src/common/tusb_fifo.c.obj
                0x000000001000aaa8                tu_fifo_read_n
 .text.tu_fifo_write
                0x000000001000aab2       0x6c CMakeFiles/MappingDemo.dir/Users/muhdismaelosman/pico/pico-sdk/lib/tinyusb/src/common/tusb_fifo.c.obj
                0x000000001000aab2                tu_fifo_write
 .text.tu_fifo_write_n
                0x000000001000ab1e        0xa CMakeFiles/MappingDemo.dir/Users/muhdismaelosman/pico/pico-sdk/lib/tinyusb/src/common/tusb_fifo.c.obj
                0x000000001000ab1e                tu_fifo_write_n
 .text.tu_fifo_clear
                0x000000001000ab28       0x4c CMakeFiles/MappingDemo.dir/Users/muhdismaelosman/pico/pico-sdk/lib/tinyusb/src/common/tusb_fifo.c.obj
                0x000000001000ab28                tu_fifo_clear
 .text.tu_fifo_set_overwritable
                0x000000001000ab74       0x3c CMakeFiles/MappingDemo.dir/Users/muhdismaelosman/pico/pico-sdk/lib/tinyusb/src/common/tusb_fifo.c.obj
                0x000000001000ab74                tu_fifo_set_overwritable
 .text._retrieve_unique_id_on_boot
                0x000000001000abb0       0x10 CMakeFiles/MappingDemo.dir/Users/muhdismaelosman/pico/pico-sdk/src/rp2_common/pico_unique_id/unique_id.c.obj
 .text.pico_get_unique_board_id_string
                0x000000001000abc0       0x60 CMakeFiles/MappingDemo.dir/Users/muhdismaelosman/pico/pico-sdk/src/rp2_common/pico_unique_id/unique_id.c.obj
                0x000000001000abc0                pico_get_unique_board_id_string
 .text.flash_get_unique_id
                0x000000001000ac20       0x46 CMakeFiles/MappingDemo.dir/Users/muhdismaelosman/pico/pico-sdk/src/rp2_common/hardware_flash/flash.c.obj
                0x000000001000ac20                flash_get_unique_id
 *fill*         0x000000001000ac66        0x2 
 .text.atoi     0x000000001000ac68        0xc /opt/homebrew/Cellar/arm-none-eabi-gcc/10.3-2021.07/gcc/bin/../lib/gcc/arm-none-eabi/10.3.1/../../../../arm-none-eabi/lib/thumb/v6-m/nofp/libg.a(lib_a-atoi.o)
                0x000000001000ac68                atoi
 .text.calloc   0x000000001000ac74       0x18 /opt/homebrew/Cellar/arm-none-eabi-gcc/10.3-2021.07/gcc/bin/../lib/gcc/arm-none-eabi/10.3.1/../../../../arm-none-eabi/lib/thumb/v6-m/nofp/libg.a(lib_a-calloc.o)
                0x000000001000ac74                calloc
 .text._calloc_r
                0x000000001000ac8c       0x9c /opt/homebrew/Cellar/arm-none-eabi-gcc/10.3-2021.07/gcc/bin/../lib/gcc/arm-none-eabi/10.3.1/../../../../arm-none-eabi/lib/thumb/v6-m/nofp/libg.a(lib_a-callocr.o)
                0x000000001000ac8c                _calloc_r
 .text.__errno  0x000000001000ad28        0xc /opt/homebrew/Cellar/arm-none-eabi-gcc/10.3-2021.07/gcc/bin/../lib/gcc/arm-none-eabi/10.3.1/../../../../arm-none-eabi/lib/thumb/v6-m/nofp/libg.a(lib_a-errno.o)
                0x000000001000ad28                __errno
 .text._gets_r  0x000000001000ad34       0x84 /opt/homebrew/Cellar/arm-none-eabi-gcc/10.3-2021.07/gcc/bin/../lib/gcc/arm-none-eabi/10.3.1/../../../../arm-none-eabi/lib/thumb/v6-m/nofp/libg.a(lib_a-gets.o)
                0x000000001000ad34                _gets_r
 .text.gets     0x000000001000adb8       0x14 /opt/homebrew/Cellar/arm-none-eabi-gcc/10.3-2021.07/gcc/bin/../lib/gcc/arm-none-eabi/10.3.1/../../../../arm-none-eabi/lib/thumb/v6-m/nofp/libg.a(lib_a-gets.o)
                0x000000001000adb8                gets
 .text.__retarget_lock_init_recursive
                0x000000001000adcc        0x4 /opt/homebrew/Cellar/arm-none-eabi-gcc/10.3-2021.07/gcc/bin/../lib/gcc/arm-none-eabi/10.3.1/../../../../arm-none-eabi/lib/thumb/v6-m/nofp/libg.a(lib_a-lock.o)
                0x000000001000adcc                __retarget_lock_init_recursive
 .text.__retarget_lock_close_recursive
                0x000000001000add0        0x4 /opt/homebrew/Cellar/arm-none-eabi-gcc/10.3-2021.07/gcc/bin/../lib/gcc/arm-none-eabi/10.3.1/../../../../arm-none-eabi/lib/thumb/v6-m/nofp/libg.a(lib_a-lock.o)
                0x000000001000add0                __retarget_lock_close_recursive
 .text.__retarget_lock_acquire_recursive
                0x000000001000add4        0x4 /opt/homebrew/Cellar/arm-none-eabi-gcc/10.3-2021.07/gcc/bin/../lib/gcc/arm-none-eabi/10.3.1/../../../../arm-none-eabi/lib/thumb/v6-m/nofp/libg.a(lib_a-lock.o)
                0x000000001000add4                __retarget_lock_acquire_recursive
 .text.__retarget_lock_release_recursive
                0x000000001000add8        0x4 /opt/homebrew/Cellar/arm-none-eabi-gcc/10.3-2021.07/gcc/bin/../lib/gcc/arm-none-eabi/10.3.1/../../../../arm-none-eabi/lib/thumb/v6-m/nofp/libg.a(lib_a-lock.o)
                0x000000001000add8                __retarget_lock_release_recursive
 .text.malloc   0x000000001000addc       0x14 /opt/homebrew/Cellar/arm-none-eabi-gcc/10.3-2021.07/gcc/bin/../lib/gcc/arm-none-eabi/10.3.1/../../../../arm-none-eabi/lib/thumb/v6-m/nofp/libg.a(lib_a-malloc.o)
                0x000000001000addc                malloc
 .text.free     0x000000001000adf0       0x14 /opt/homebrew/Cellar/arm-none-eabi-gcc/10.3-2021.07/gcc/bin/../lib/gcc/arm-none-eabi/10.3.1/../../../../arm-none-eabi/lib/thumb/v6-m/nofp/libg.a(lib_a-malloc.o)
                0x000000001000adf0                free
 .text._malloc_r
                0x000000001000ae04      0x584 /opt/homebrew/Cellar/arm-none-eabi-gcc/10.3-2021.07/gcc/bin/../lib/gcc/arm-none-eabi/10.3.1/../../../../arm-none-eabi/lib/thumb/v6-m/nofp/libg.a(lib_a-mallocr.o)
                0x000000001000ae04                _malloc_r
 .text.__malloc_lock
                0x000000001000b388       0x10 /opt/homebrew/Cellar/arm-none-eabi-gcc/10.3-2021.07/gcc/bin/../lib/gcc/arm-none-eabi/10.3.1/../../../../arm-none-eabi/lib/thumb/v6-m/nofp/libg.a(lib_a-mlock.o)
                0x000000001000b388                __malloc_lock
 .text.__malloc_unlock
                0x000000001000b398       0x10 /opt/homebrew/Cellar/arm-none-eabi-gcc/10.3-2021.07/gcc/bin/../lib/gcc/arm-none-eabi/10.3.1/../../../../arm-none-eabi/lib/thumb/v6-m/nofp/libg.a(lib_a-mlock.o)
                0x000000001000b398                __malloc_unlock
 .text.__srget_r
                0x000000001000b3a8       0x38 /opt/homebrew/Cellar/arm-none-eabi-gcc/10.3-2021.07/gcc/bin/../lib/gcc/arm-none-eabi/10.3.1/../../../../arm-none-eabi/lib/thumb/v6-m/nofp/libg.a(lib_a-rget.o)
                0x000000001000b3a8                __srget_r
 .text._sbrk_r  0x000000001000b3e0       0x24 /opt/homebrew/Cellar/arm-none-eabi-gcc/10.3-2021.07/gcc/bin/../lib/gcc/arm-none-eabi/10.3.1/../../../../arm-none-eabi/lib/thumb/v6-m/nofp/libg.a(lib_a-sbrkr.o)
                0x000000001000b3e0                _sbrk_r
 .text.strcpy   0x000000001000b404       0x10 /opt/homebrew/Cellar/arm-none-eabi-gcc/10.3-2021.07/gcc/bin/../lib/gcc/arm-none-eabi/10.3.1/../../../../arm-none-eabi/lib/thumb/v6-m/nofp/libg.a(lib_a-strcpy.o)
                0x000000001000b404                strcpy
 .text.strlen   0x000000001000b414       0x5c /opt/homebrew/Cellar/arm-none-eabi-gcc/10.3-2021.07/gcc/bin/../lib/gcc/arm-none-eabi/10.3.1/../../../../arm-none-eabi/lib/thumb/v6-m/nofp/libg.a(lib_a-strlen-stub.o)
                0x000000001000b414                strlen
 .text._strtol_l.part.0
                0x000000001000b470      0x144 /opt/homebrew/Cellar/arm-none-eabi-gcc/10.3-2021.07/gcc/bin/../lib/gcc/arm-none-eabi/10.3.1/../../../../arm-none-eabi/lib/thumb/v6-m/nofp/libg.a(lib_a-strtol.o)
 .text.strtol   0x000000001000b5b4       0x2c /opt/homebrew/Cellar/arm-none-eabi-gcc/10.3-2021.07/gcc/bin/../lib/gcc/arm-none-eabi/10.3.1/../../../../arm-none-eabi/lib/thumb/v6-m/nofp/libg.a(lib_a-strtol.o)
                0x000000001000b5b4                strtol
 .text._cleanup_r
                0x000000001000b5e0       0x10 /opt/homebrew/Cellar/arm-none-eabi-gcc/10.3-2021.07/gcc/bin/../lib/gcc/arm-none-eabi/10.3.1/../../../../arm-none-eabi/lib/thumb/v6-m/nofp/libg.a(lib_a-findfp.o)
                0x000000001000b5e0                _cleanup_r
 .text.__sinit  0x000000001000b5f0      0x120 /opt/homebrew/Cellar/arm-none-eabi-gcc/10.3-2021.07/gcc/bin/../lib/gcc/arm-none-eabi/10.3.1/../../../../arm-none-eabi/lib/thumb/v6-m/nofp/libg.a(lib_a-findfp.o)
                0x000000001000b5f0                __sinit
 .text.__sfp_lock_acquire
                0x000000001000b710       0x10 /opt/homebrew/Cellar/arm-none-eabi-gcc/10.3-2021.07/gcc/bin/../lib/gcc/arm-none-eabi/10.3.1/../../../../arm-none-eabi/lib/thumb/v6-m/nofp/libg.a(lib_a-findfp.o)
                0x000000001000b710                __sfp_lock_acquire
 .text.__sfp_lock_release
                0x000000001000b720       0x10 /opt/homebrew/Cellar/arm-none-eabi-gcc/10.3-2021.07/gcc/bin/../lib/gcc/arm-none-eabi/10.3.1/../../../../arm-none-eabi/lib/thumb/v6-m/nofp/libg.a(lib_a-findfp.o)
                0x000000001000b720                __sfp_lock_release
 .text._malloc_trim_r
                0x000000001000b730       0x9c /opt/homebrew/Cellar/arm-none-eabi-gcc/10.3-2021.07/gcc/bin/../lib/gcc/arm-none-eabi/10.3.1/../../../../arm-none-eabi/lib/thumb/v6-m/nofp/libg.a(lib_a-freer.o)
                0x000000001000b730                _malloc_trim_r
 .text._free_r  0x000000001000b7cc      0x1c4 /opt/homebrew/Cellar/arm-none-eabi-gcc/10.3-2021.07/gcc/bin/../lib/gcc/arm-none-eabi/10.3.1/../../../../arm-none-eabi/lib/thumb/v6-m/nofp/libg.a(lib_a-freer.o)
                0x000000001000b7cc                _free_r
 .text._fwalk   0x000000001000b990       0x40 /opt/homebrew/Cellar/arm-none-eabi-gcc/10.3-2021.07/gcc/bin/../lib/gcc/arm-none-eabi/10.3.1/../../../../arm-none-eabi/lib/thumb/v6-m/nofp/libg.a(lib_a-fwalk.o)
                0x000000001000b990                _fwalk
 .text._fwalk_reent
                0x000000001000b9d0       0x48 /opt/homebrew/Cellar/arm-none-eabi-gcc/10.3-2021.07/gcc/bin/../lib/gcc/arm-none-eabi/10.3.1/../../../../arm-none-eabi/lib/thumb/v6-m/nofp/libg.a(lib_a-fwalk.o)
                0x000000001000b9d0                _fwalk_reent
 .text.lflush   0x000000001000ba18       0x1c /opt/homebrew/Cellar/arm-none-eabi-gcc/10.3-2021.07/gcc/bin/../lib/gcc/arm-none-eabi/10.3.1/../../../../arm-none-eabi/lib/thumb/v6-m/nofp/libg.a(lib_a-refill.o)
 .text.__srefill_r
                0x000000001000ba34      0x124 /opt/homebrew/Cellar/arm-none-eabi-gcc/10.3-2021.07/gcc/bin/../lib/gcc/arm-none-eabi/10.3.1/../../../../arm-none-eabi/lib/thumb/v6-m/nofp/libg.a(lib_a-refill.o)
                0x000000001000ba34                __srefill_r
 .text.__sread  0x000000001000bb58       0x28 /opt/homebrew/Cellar/arm-none-eabi-gcc/10.3-2021.07/gcc/bin/../lib/gcc/arm-none-eabi/10.3.1/../../../../arm-none-eabi/lib/thumb/v6-m/nofp/libg.a(lib_a-stdio.o)
                0x000000001000bb58                __sread
 .text.__swrite
                0x000000001000bb80       0x40 /opt/homebrew/Cellar/arm-none-eabi-gcc/10.3-2021.07/gcc/bin/../lib/gcc/arm-none-eabi/10.3.1/../../../../arm-none-eabi/lib/thumb/v6-m/nofp/libg.a(lib_a-stdio.o)
                0x000000001000bb80                __swrite
 .text.__sseek  0x000000001000bbc0       0x2c /opt/homebrew/Cellar/arm-none-eabi-gcc/10.3-2021.07/gcc/bin/../lib/gcc/arm-none-eabi/10.3.1/../../../../arm-none-eabi/lib/thumb/v6-m/nofp/libg.a(lib_a-stdio.o)
                0x000000001000bbc0                __sseek
 .text.__sclose
                0x000000001000bbec        0xc /opt/homebrew/Cellar/arm-none-eabi-gcc/10.3-2021.07/gcc/bin/../lib/gcc/arm-none-eabi/10.3.1/../../../../arm-none-eabi/lib/thumb/v6-m/nofp/libg.a(lib_a-stdio.o)
                0x000000001000bbec                __sclose
 .text._write_r
                0x000000001000bbf8       0x28 /opt/homebrew/Cellar/arm-none-eabi-gcc/10.3-2021.07/gcc/bin/../lib/gcc/arm-none-eabi/10.3.1/../../../../arm-none-eabi/lib/thumb/v6-m/nofp/libg.a(lib_a-writer.o)
                0x000000001000bbf8                _write_r
 .text._close_r
                0x000000001000bc20       0x24 /opt/homebrew/Cellar/arm-none-eabi-gcc/10.3-2021.07/gcc/bin/../lib/gcc/arm-none-eabi/10.3.1/../../../../arm-none-eabi/lib/thumb/v6-m/nofp/libg.a(lib_a-closer.o)
                0x000000001000bc20                _close_r
 .text._fclose_r
                0x000000001000bc44       0xdc /opt/homebrew/Cellar/arm-none-eabi-gcc/10.3-2021.07/gcc/bin/../lib/gcc/arm-none-eabi/10.3.1/../../../../arm-none-eabi/lib/thumb/v6-m/nofp/libg.a(lib_a-fclose.o)
                0x000000001000bc44                _fclose_r
 .text.__sflush_r
                0x000000001000bd20      0x140 /opt/homebrew/Cellar/arm-none-eabi-gcc/10.3-2021.07/gcc/bin/../lib/gcc/arm-none-eabi/10.3.1/../../../../arm-none-eabi/lib/thumb/v6-m/nofp/libg.a(lib_a-fflush.o)
                0x000000001000bd20                __sflush_r
 .text._fflush_r
                0x000000001000be60       0x6c /opt/homebrew/Cellar/arm-none-eabi-gcc/10.3-2021.07/gcc/bin/../lib/gcc/arm-none-eabi/10.3.1/../../../../arm-none-eabi/lib/thumb/v6-m/nofp/libg.a(lib_a-fflush.o)
                0x000000001000be60                _fflush_r
 .text.fflush   0x000000001000becc       0x78 /opt/homebrew/Cellar/arm-none-eabi-gcc/10.3-2021.07/gcc/bin/../lib/gcc/arm-none-eabi/10.3.1/../../../../arm-none-eabi/lib/thumb/v6-m/nofp/libg.a(lib_a-fflush.o)
                0x000000001000becc                fflush
 .text._lseek_r
                0x000000001000bf44       0x28 /opt/homebrew/Cellar/arm-none-eabi-gcc/10.3-2021.07/gcc/bin/../lib/gcc/arm-none-eabi/10.3.1/../../../../arm-none-eabi/lib/thumb/v6-m/nofp/libg.a(lib_a-lseekr.o)
                0x000000001000bf44                _lseek_r
 .text.__smakebuf_r
                0x000000001000bf6c       0xe4 /opt/homebrew/Cellar/arm-none-eabi-gcc/10.3-2021.07/gcc/bin/../lib/gcc/arm-none-eabi/10.3.1/../../../../arm-none-eabi/lib/thumb/v6-m/nofp/libg.a(lib_a-makebuf.o)
                0x000000001000bf6c                __smakebuf_r
 .text._read_r  0x000000001000c050       0x28 /opt/homebrew/Cellar/arm-none-eabi-gcc/10.3-2021.07/gcc/bin/../lib/gcc/arm-none-eabi/10.3.1/../../../../arm-none-eabi/lib/thumb/v6-m/nofp/libg.a(lib_a-readr.o)
                0x000000001000c050                _read_r
 .text._fstat_r
                0x000000001000c078       0x28 /opt/homebrew/Cellar/arm-none-eabi-gcc/10.3-2021.07/gcc/bin/../lib/gcc/arm-none-eabi/10.3.1/../../../../arm-none-eabi/lib/thumb/v6-m/nofp/libg.a(lib_a-fstatr.o)
                0x000000001000c078                _fstat_r
 .text._isatty_r
                0x000000001000c0a0       0x24 /opt/homebrew/Cellar/arm-none-eabi-gcc/10.3-2021.07/gcc/bin/../lib/gcc/arm-none-eabi/10.3.1/../../../../arm-none-eabi/lib/thumb/v6-m/nofp/libg.a(lib_a-isattyr.o)
                0x000000001000c0a0                _isatty_r
 .text._close   0x000000001000c0c4       0x10 /opt/homebrew/Cellar/arm-none-eabi-gcc/10.3-2021.07/gcc/bin/../lib/gcc/arm-none-eabi/10.3.1/../../../../arm-none-eabi/lib/thumb/v6-m/nofp/libnosys.a(close.o)
                0x000000001000c0c4                _close
 .text._fstat   0x000000001000c0d4       0x10 /opt/homebrew/Cellar/arm-none-eabi-gcc/10.3-2021.07/gcc/bin/../lib/gcc/arm-none-eabi/10.3.1/../../../../arm-none-eabi/lib/thumb/v6-m/nofp/libnosys.a(fstat.o)
                0x000000001000c0d4                _fstat
 .text._isatty  0x000000001000c0e4       0x10 /opt/homebrew/Cellar/arm-none-eabi-gcc/10.3-2021.07/gcc/bin/../lib/gcc/arm-none-eabi/10.3.1/../../../../arm-none-eabi/lib/thumb/v6-m/nofp/libnosys.a(isatty.o)
                0x000000001000c0e4                _isatty
 .text._lseek   0x000000001000c0f4       0x10 /opt/homebrew/Cellar/arm-none-eabi-gcc/10.3-2021.07/gcc/bin/../lib/gcc/arm-none-eabi/10.3.1/../../../../arm-none-eabi/lib/thumb/v6-m/nofp/libnosys.a(lseek.o)
                0x000000001000c0f4                _lseek
 *(.fini)
 .fini          0x000000001000c104        0x4 /opt/homebrew/Cellar/arm-none-eabi-gcc/10.3-2021.07/gcc/bin/../lib/gcc/arm-none-eabi/10.3.1/thumb/v6-m/nofp/crti.o
                0x000000001000c104                _fini
 .fini.__stub   0x000000001000c108       0x70 linker stubs
 *crtbegin.o(.ctors)
 *crtbegin?.o(.ctors)
 *(EXCLUDE_FILE(*crtend.o *crtend?.o) .ctors)
 *(SORT_BY_NAME(.ctors.*))
 *(.ctors)
 *crtbegin.o(.dtors)
 *crtbegin?.o(.dtors)
 *(EXCLUDE_FILE(*crtend.o *crtend?.o) .dtors)
 *(SORT_BY_NAME(.dtors.*))
 *(.dtors)
 *(.eh_frame*)
 .eh_frame      0x000000001000c178        0x0 /opt/homebrew/Cellar/arm-none-eabi-gcc/10.3-2021.07/gcc/bin/../lib/gcc/arm-none-eabi/10.3.1/thumb/v6-m/nofp/crtbegin.o
                0x000000001000c178                . = ALIGN (0x4)

.glue_7         0x000000001000c178        0x0
 .glue_7        0x000000001000c178        0x0 linker stubs

.glue_7t        0x000000001000c178        0x0
 .glue_7t       0x000000001000c178        0x0 linker stubs

.vfp11_veneer   0x000000001000c178        0x0
 .vfp11_veneer  0x000000001000c178        0x0 linker stubs

.v4_bx          0x000000001000c178        0x0
 .v4_bx         0x000000001000c178        0x0 linker stubs

.iplt           0x000000001000c178        0x0
 .iplt          0x000000001000c178        0x0 /opt/homebrew/Cellar/arm-none-eabi-gcc/10.3-2021.07/gcc/bin/../lib/gcc/arm-none-eabi/10.3.1/thumb/v6-m/nofp/crtbegin.o

.rodata         0x000000001000c178     0x1e14
 *(EXCLUDE_FILE(*libm.a: *libc.a:*lib_a-mem*.o *libgcc.a:) .rodata*)
 .rodata.ifReachStartingPoint.str1.4
                0x000000001000c178       0x18 CMakeFiles/MappingDemo.dir/AdjacencyMatrixMap.c.obj
 .rodata.moveForward.str1.4
                0x000000001000c190        0xf CMakeFiles/MappingDemo.dir/AdjacencyMatrixMap.c.obj
 *fill*         0x000000001000c19f        0x1 
 .rodata.turnRight.str1.4
                0x000000001000c1a0        0xe CMakeFiles/MappingDemo.dir/AdjacencyMatrixMap.c.obj
 *fill*         0x000000001000c1ae        0x2 
 .rodata.turnLeft.str1.4
                0x000000001000c1b0        0xd CMakeFiles/MappingDemo.dir/AdjacencyMatrixMap.c.obj
 *fill*         0x000000001000c1bd        0x3 
 .rodata.reverseRight.str1.4
                0x000000001000c1c0       0x10 CMakeFiles/MappingDemo.dir/AdjacencyMatrixMap.c.obj
 .rodata.reverseLeft.str1.4
                0x000000001000c1d0        0xf CMakeFiles/MappingDemo.dir/AdjacencyMatrixMap.c.obj
 *fill*         0x000000001000c1df        0x1 
 .rodata.reverseBack.str1.4
                0x000000001000c1e0        0x8 CMakeFiles/MappingDemo.dir/AdjacencyMatrixMap.c.obj
 .rodata.main.str1.4
                0x000000001000c1e8      0x12f CMakeFiles/MappingDemo.dir/AdjacencyMatrixMap.c.obj
 *fill*         0x000000001000c317        0x1 
 .rodata.createGraph.str1.4
                0x000000001000c318      0x256 CMakeFiles/MappingDemo.dir/AdjacencyMatrix.c.obj
 *fill*         0x000000001000c56e        0x2 
 .rodata.printEdges.str1.4
                0x000000001000c570       0x22 CMakeFiles/MappingDemo.dir/AdjacencyMatrix.c.obj
 *fill*         0x000000001000c592        0x2 
 .rodata.printDirectionsWhenNorth.str1.4
                0x000000001000c594       0x29 CMakeFiles/MappingDemo.dir/AdjacencyMatrix.c.obj
 *fill*         0x000000001000c5bd        0x3 
 .rodata.printDirectionsWhenSouth.str1.4
                0x000000001000c5c0       0x1c CMakeFiles/MappingDemo.dir/AdjacencyMatrix.c.obj
 .rodata.printDirectionsWhenWest.str1.4
                0x000000001000c5dc       0x1b CMakeFiles/MappingDemo.dir/AdjacencyMatrix.c.obj
 *fill*         0x000000001000c5f7        0x1 
 .rodata.printDirectionsWhenEast.str1.4
                0x000000001000c5f8       0x1b CMakeFiles/MappingDemo.dir/AdjacencyMatrix.c.obj
 *fill*         0x000000001000c613        0x1 
 .rodata.printBarcodes.str1.4
                0x000000001000c614       0x10 CMakeFiles/MappingDemo.dir/AdjacencyMatrix.c.obj
 .rodata.printHumps.str1.4
                0x000000001000c624        0xe CMakeFiles/MappingDemo.dir/AdjacencyMatrix.c.obj
 *fill*         0x000000001000c632        0x2 
 .rodata.printMap.str1.4
                0x000000001000c634       0x20 CMakeFiles/MappingDemo.dir/AdjacencyMatrix.c.obj
 .rodata.checkAllNodesHasAtLeast1Edge.str1.4
                0x000000001000c654       0x3f CMakeFiles/MappingDemo.dir/AdjacencyMatrix.c.obj
 *fill*         0x000000001000c693        0x1 
 .rodata.bytesConsumedByMap.str1.4
                0x000000001000c694       0x15 CMakeFiles/MappingDemo.dir/AdjacencyMatrix.c.obj
 *fill*         0x000000001000c6a9        0x3 
 .rodata.updateGridVisited.str1.4
                0x000000001000c6ac       0x1d CMakeFiles/MappingDemo.dir/AdjacencyMatrix.c.obj
 *fill*         0x000000001000c6c9        0x3 
 .rodata.printGridVisited.str1.4
                0x000000001000c6cc       0x14 CMakeFiles/MappingDemo.dir/AdjacencyMatrix.c.obj
 .rodata.spin_lock_claim_unused.str1.4
                0x000000001000c6e0       0x1b CMakeFiles/MappingDemo.dir/Users/muhdismaelosman/pico/pico-sdk/src/rp2_common/hardware_sync/sync.c.obj
 *fill*         0x000000001000c6fb        0x1 
 .rodata.make_branch.str1.4
                0x000000001000c6fc       0x77 CMakeFiles/MappingDemo.dir/Users/muhdismaelosman/pico/pico-sdk/src/rp2_common/hardware_irq/irq.c.obj
 *fill*         0x000000001000c773        0x1 
 .rodata.insert_branch_and_link.str1.4
                0x000000001000c774       0x10 CMakeFiles/MappingDemo.dir/Users/muhdismaelosman/pico/pico-sdk/src/rp2_common/hardware_irq/irq.c.obj
 .rodata.irq_set_exclusive_handler.str1.4
                0x000000001000c784       0x36 CMakeFiles/MappingDemo.dir/Users/muhdismaelosman/pico/pico-sdk/src/rp2_common/hardware_irq/irq.c.obj
 *fill*         0x000000001000c7ba        0x2 
 .rodata.irq_add_shared_handler.str1.4
                0x000000001000c7bc       0xd9 CMakeFiles/MappingDemo.dir/Users/muhdismaelosman/pico/pico-sdk/src/rp2_common/hardware_irq/irq.c.obj
 *fill*         0x000000001000c895        0x3 
 .rodata.irq_remove_handler.str1.4
                0x000000001000c898       0x2a CMakeFiles/MappingDemo.dir/Users/muhdismaelosman/pico/pico-sdk/src/rp2_common/hardware_irq/irq.c.obj
 *fill*         0x000000001000c8c2        0x2 
 .rodata.irq_add_tail_to_free_list.str1.4
                0x000000001000c8c4       0x3a CMakeFiles/MappingDemo.dir/Users/muhdismaelosman/pico/pico-sdk/src/rp2_common/hardware_irq/irq.c.obj
 *fill*         0x000000001000c8fe        0x2 
 .rodata.user_irq_claim_unused.str1.4
                0x000000001000c900       0x1b CMakeFiles/MappingDemo.dir/Users/muhdismaelosman/pico/pico-sdk/src/rp2_common/hardware_irq/irq.c.obj
 *fill*         0x000000001000c91b        0x1 
 .rodata.__func__.0
                0x000000001000c91c       0x1a CMakeFiles/MappingDemo.dir/Users/muhdismaelosman/pico/pico-sdk/src/rp2_common/hardware_irq/irq.c.obj
 *fill*         0x000000001000c936        0x2 
 .rodata.__func__.1
                0x000000001000c938       0x17 CMakeFiles/MappingDemo.dir/Users/muhdismaelosman/pico/pico-sdk/src/rp2_common/hardware_irq/irq.c.obj
 *fill*         0x000000001000c94f        0x1 
 .rodata.__func__.2
                0x000000001000c950       0x13 CMakeFiles/MappingDemo.dir/Users/muhdismaelosman/pico/pico-sdk/src/rp2_common/hardware_irq/irq.c.obj
 *fill*         0x000000001000c963        0x1 
 .rodata.__func__.3
                0x000000001000c964        0xc CMakeFiles/MappingDemo.dir/Users/muhdismaelosman/pico/pico-sdk/src/rp2_common/hardware_irq/irq.c.obj
 .rodata.__func__.4
                0x000000001000c970        0xf CMakeFiles/MappingDemo.dir/Users/muhdismaelosman/pico/pico-sdk/src/rp2_common/hardware_irq/irq.c.obj
 *fill*         0x000000001000c97f        0x1 
 .rodata.__func__.5
                0x000000001000c980       0x17 CMakeFiles/MappingDemo.dir/Users/muhdismaelosman/pico/pico-sdk/src/rp2_common/hardware_irq/irq.c.obj
 *fill*         0x000000001000c997        0x1 
 .rodata.__func__.6
                0x000000001000c998       0x1a CMakeFiles/MappingDemo.dir/Users/muhdismaelosman/pico/pico-sdk/src/rp2_common/hardware_irq/irq.c.obj
 *fill*         0x000000001000c9b2        0x2 
 .rodata.repeating_timer_callback.str1.4
                0x000000001000c9b4       0x55 CMakeFiles/MappingDemo.dir/Users/muhdismaelosman/pico/pico-sdk/src/common/pico_time/time.c.obj
 *fill*         0x000000001000ca09        0x3 
 .rodata.alarm_pool_dump_key.str1.4